Component: ARM Compiler 5.06 update 6 (build 750) Tool: armlink [4d35ed]

==============================================================================

Section Cross References

    startup_stm32g070xx.o(RESET) refers to startup_stm32g070xx.o(STACK) for __initial_sp
    startup_stm32g070xx.o(RESET) refers to startup_stm32g070xx.o(.text) for Reset_Handler
    startup_stm32g070xx.o(RESET) refers to stm32g0xx_it.o(i.NMI_Handler) for NMI_Handler
    startup_stm32g070xx.o(RESET) refers to stm32g0xx_it.o(i.HardFault_Handler) for HardFault_Handler
    startup_stm32g070xx.o(RESET) refers to port.o(i.SVC_Handler) for SVC_Handler
    startup_stm32g070xx.o(RESET) refers to port.o(.emb_text) for PendSV_Handler
    startup_stm32g070xx.o(RESET) refers to stm32g0xx_it.o(i.SysTick_Handler) for SysTick_Handler
    startup_stm32g070xx.o(.text) refers to system_stm32g0xx.o(i.SystemInit) for SystemInit
    startup_stm32g070xx.o(.text) refers to entry.o(.ARM.Collect$$$$00000000) for __main
    main.o(i.APT8L16_Task) refers to apt8l16.o(i.APT8L16Init) for APT8L16Init
    main.o(i.APT8L16_Task) refers to apt8l16.o(i.APTTouchRdOneData) for APTTouchRdOneData
    main.o(i.APT8L16_Task) refers to sm1616_drv.o(i.SM1616_I2c_Send_OneByte) for SM1616_I2c_Send_OneByte
    main.o(i.APT8L16_Task) refers to tasks.o(i.vTaskDelay) for vTaskDelay
    main.o(i.APT8L16_Task) refers to main.o(.data) for .data
    main.o(i.AppTaskCreate) refers to port.o(i.vPortEnterCritical) for vPortEnterCritical
    main.o(i.AppTaskCreate) refers to tasks.o(i.xTaskCreate) for xTaskCreate
    main.o(i.AppTaskCreate) refers to tasks.o(i.vTaskDelete) for vTaskDelete
    main.o(i.AppTaskCreate) refers to port.o(i.vPortExitCritical) for vPortExitCritical
    main.o(i.AppTaskCreate) refers to main.o(.data) for .data
    main.o(i.AppTaskCreate) refers to main.o(i.LED_Task) for LED_Task
    main.o(i.AppTaskCreate) refers to main.o(i.SM1616_Task) for SM1616_Task
    main.o(i.AppTaskCreate) refers to main.o(i.APT8L16_Creat_Task) for APT8L16_Creat_Task
    main.o(i.AppTaskCreate) refers to main.o(i.APT8L16_Task) for APT8L16_Task
    main.o(i.AppTaskCreate) refers to main.o(i.debug_uart_Task) for debug_uart_Task
    main.o(i.LED_Task) refers to stm32g0xx_hal_gpio.o(i.HAL_GPIO_WritePin) for HAL_GPIO_WritePin
    main.o(i.LED_Task) refers to tasks.o(i.vTaskDelay) for vTaskDelay
    main.o(i.SM1616_Task) refers to tasks.o(i.vTaskDelay) for vTaskDelay
    main.o(i.SystemClock_Config) refers to memseta.o(.text) for __aeabi_memclr4
    main.o(i.SystemClock_Config) refers to stm32g0xx_hal_pwr_ex.o(i.HAL_PWREx_ControlVoltageScaling) for HAL_PWREx_ControlVoltageScaling
    main.o(i.SystemClock_Config) refers to stm32g0xx_hal_rcc.o(i.HAL_RCC_OscConfig) for HAL_RCC_OscConfig
    main.o(i.SystemClock_Config) refers to stm32g0xx_hal_rcc.o(i.HAL_RCC_ClockConfig) for HAL_RCC_ClockConfig
    main.o(i.SystemClock_Config) refers to stm32g0xx_hal_rcc_ex.o(i.HAL_RCCEx_PeriphCLKConfig) for HAL_RCCEx_PeriphCLKConfig
    main.o(i.debug_uart_Task) refers to tasks.o(i.vTaskDelay) for vTaskDelay
    main.o(i.main) refers to stm32g0xx_hal.o(i.HAL_Init) for HAL_Init
    main.o(i.main) refers to main.o(i.SystemClock_Config) for SystemClock_Config
    main.o(i.main) refers to bsp_led.o(i.LED_GPIO_Config) for LED_GPIO_Config
    main.o(i.main) refers to sm1616_drv.o(i.SM1616_I2c_Init) for SM1616_I2c_Init
    main.o(i.main) refers to tasks.o(i.xTaskCreate) for xTaskCreate
    main.o(i.main) refers to tasks.o(i.vTaskStartScheduler) for vTaskStartScheduler
    main.o(i.main) refers to main.o(.data) for .data
    main.o(i.main) refers to main.o(i.AppTaskCreate) for AppTaskCreate
    stm32g0xx_it.o(i.SysTick_Handler) refers to port.o(i.xPortSysTickHandler) for xPortSysTickHandler
    stm32g0xx_it.o(i.SysTick_Handler) refers to stm32g0xx_hal.o(i.HAL_IncTick) for HAL_IncTick
    stm32g0xx_hal_msp.o(i.HAL_MspInit) refers to stm32g0xx_hal.o(i.HAL_SYSCFG_StrobeDBattpinsConfig) for HAL_SYSCFG_StrobeDBattpinsConfig
    stm32g0xx_hal.o(i.HAL_DeInit) refers to stm32g0xx_hal.o(i.HAL_MspDeInit) for HAL_MspDeInit
    stm32g0xx_hal.o(i.HAL_Delay) refers to stm32g0xx_hal.o(i.HAL_GetTick) for HAL_GetTick
    stm32g0xx_hal.o(i.HAL_Delay) refers to stm32g0xx_hal.o(.data) for .data
    stm32g0xx_hal.o(i.HAL_GetTick) refers to stm32g0xx_hal.o(.data) for .data
    stm32g0xx_hal.o(i.HAL_GetTickFreq) refers to stm32g0xx_hal.o(.data) for .data
    stm32g0xx_hal.o(i.HAL_GetTickPrio) refers to stm32g0xx_hal.o(.data) for .data
    stm32g0xx_hal.o(i.HAL_IncTick) refers to stm32g0xx_hal.o(.data) for .data
    stm32g0xx_hal.o(i.HAL_Init) refers to stm32g0xx_hal.o(i.HAL_InitTick) for HAL_InitTick
    stm32g0xx_hal.o(i.HAL_Init) refers to stm32g0xx_hal_msp.o(i.HAL_MspInit) for HAL_MspInit
    stm32g0xx_hal.o(i.HAL_InitTick) refers to uidiv.o(.text) for __aeabi_uidivmod
[...]
    entry9b.o(.ARM.Collect$$$$0000000C) refers to main.o(i.main) for main
    init.o(.text) refers to entry5.o(.ARM.Collect$$$$00000004) for __main_after_scatterload


==============================================================================

Removing Unused input sections from the image.

    Removing startup_stm32g070xx.o(HEAP), (512 bytes).
    Removing main.o(.rev16_text), (4 bytes).
    Removing main.o(.revsh_text), (4 bytes).
    Removing main.o(i.Error_Handler), (4 bytes).
    Removing main.o(.data), (1 bytes).
    Removing main.o(.data), (1 bytes).
    Removing stm32g0xx_it.o(.rev16_text), (4 bytes).
    Removing stm32g0xx_it.o(.revsh_text), (4 bytes).
    Removing stm32g0xx_hal_msp.o(.rev16_text), (4 bytes).
    Removing stm32g0xx_hal_msp.o(.revsh_text), (4 bytes).
    Removing stm32g0xx_hal.o(.rev16_text), (4 bytes).
    Removing stm32g0xx_hal.o(.revsh_text), (4 bytes).
    Removing stm32g0xx_hal.o(i.HAL_DBGMCU_DisableDBGStandbyMode), (16 bytes).
    Removing stm32g0xx_hal.o(i.HAL_DBGMCU_DisableDBGStopMode), (16 bytes).
    Removing stm32g0xx_hal.o(i.HAL_DBGMCU_EnableDBGStandbyMode), (16 bytes).
    Removing stm32g0xx_hal.o(i.HAL_DBGMCU_EnableDBGStopMode), (16 bytes).
    Removing stm32g0xx_hal.o(i.HAL_DeInit), (40 bytes).
    Removing stm32g0xx_hal.o(i.HAL_Delay), (36 bytes).
    Removing stm32g0xx_hal.o(i.HAL_GetDEVID), (16 bytes).
    Removing stm32g0xx_hal.o(i.HAL_GetHalVersion), (6 bytes).
    Removing stm32g0xx_hal.o(i.HAL_GetREVID), (12 bytes).
    Removing stm32g0xx_hal.o(i.HAL_GetTickFreq), (12 bytes).
    Removing stm32g0xx_hal.o(i.HAL_GetTickPrio), (12 bytes).
    Removing stm32g0xx_hal.o(i.HAL_GetUIDw0), (12 bytes).
    Removing stm32g0xx_hal.o(i.HAL_GetUIDw1), (12 bytes).
    Removing stm32g0xx_hal.o(i.HAL_GetUIDw2), (12 bytes).
    Removing stm32g0xx_hal.o(i.HAL_MspDeInit), (2 bytes).
    Removing stm32g0xx_hal.o(i.HAL_MspInit), (2 bytes).
    Removing stm32g0xx_hal.o(i.HAL_ResumeTick), (16 bytes).
    Removing stm32g0xx_hal.o(i.HAL_SYSCFG_DisableIOAnalogSwitchBooster), (16 bytes).
    Removing stm32g0xx_hal.o(i.HAL_SYSCFG_DisableRemap), (16 bytes).
    Removing stm32g0xx_hal.o(i.HAL_SYSCFG_EnableIOAnalogSwitchBooster), (16 bytes).
    Removing stm32g0xx_hal.o(i.HAL_SYSCFG_EnableRemap), (16 bytes).
    Removing stm32g0xx_hal.o(i.HAL_SetTickFreq), (36 bytes).
    Removing stm32g0xx_hal.o(i.HAL_SuspendTick), (16 bytes).
    Removing stm32g0xx_hal_adc.o(.rev16_text), (4 bytes).
    Removing stm32g0xx_hal_adc.o(.revsh_text), (4 bytes).
    Removing stm32g0xx_hal_adc_ex.o(.rev16_text), (4 bytes).
    Removing stm32g0xx_hal_adc_ex.o(.revsh_text), (4 bytes).
    Removing stm32g0xx_hal_cec.o(.rev16_text), (4 bytes).
    Removing stm32g0xx_hal_cec.o(.revsh_text), (4 bytes).
    Removing stm32g0xx_hal_comp.o(.rev16_text), (4 bytes).
    Removing stm32g0xx_hal_comp.o(.revsh_text), (4 bytes).
    Removing stm32g0xx_hal_cortex.o(.rev16_text), (4 bytes).
    Removing stm32g0xx_hal_cortex.o(.revsh_text), (4 bytes).
    Removing stm32g0xx_hal_cortex.o(i.HAL_MPU_ConfigRegion), (84 bytes).
    Removing stm32g0xx_hal_cortex.o(i.HAL_MPU_Disable), (16 bytes).
    Removing stm32g0xx_hal_cortex.o(i.HAL_MPU_Enable), (24 bytes).
    Removing stm32g0xx_hal_cortex.o(i.HAL_NVIC_ClearPendingIRQ), (24 bytes).
    Removing stm32g0xx_hal_cortex.o(i.HAL_NVIC_DisableIRQ), (32 bytes).
    Removing stm32g0xx_hal_cortex.o(i.HAL_NVIC_EnableIRQ), (24 bytes).
    Removing stm32g0xx_hal_cortex.o(i.HAL_NVIC_GetPendingIRQ), (32 bytes).
    Removing stm32g0xx_hal_cortex.o(i.HAL_NVIC_GetPriority), (52 bytes).
    Removing stm32g0xx_hal_cortex.o(i.HAL_NVIC_SetPendingIRQ), (24 bytes).
    Removing stm32g0xx_hal_cortex.o(i.HAL_NVIC_SystemReset), (28 bytes).
    Removing stm32g0xx_hal_cortex.o(i.HAL_SYSTICK_CLKSourceConfig), (24 bytes).
    Removing stm32g0xx_hal_cortex.o(i.HAL_SYSTICK_Callback), (2 bytes).
    Removing stm32g0xx_hal_cortex.o(i.HAL_SYSTICK_IRQHandler), (8 bytes).
    Removing stm32g0xx_hal_crc.o(.rev16_text), (4 bytes).
    Removing stm32g0xx_hal_crc.o(.revsh_text), (4 bytes).
    Removing stm32g0xx_hal_crc_ex.o(.rev16_text), (4 bytes).
    Removing stm32g0xx_hal_crc_ex.o(.revsh_text), (4 bytes).
    Removing stm32g0xx_hal_cryp.o(.rev16_text), (4 bytes).
    Removing stm32g0xx_hal_cryp.o(.revsh_text), (4 bytes).
    Removing stm32g0xx_hal_cryp_ex.o(.rev16_text), (4 bytes).
    Removing stm32g0xx_hal_cryp_ex.o(.revsh_text), (4 bytes).
    Removing stm32g0xx_hal_dac.o(.rev16_text), (4 bytes).
    Removing stm32g0xx_hal_dac.o(.revsh_text), (4 bytes).
    Removing stm32g0xx_hal_dac_ex.o(.rev16_text), (4 bytes).
    Removing stm32g0xx_hal_dac_ex.o(.revsh_text), (4 bytes).
    Removing stm32g0xx_hal_dma.o(.rev16_text), (4 bytes).
    Removing stm32g0xx_hal_dma.o(.revsh_text), (4 bytes).
    Removing stm32g0xx_hal_dma.o(i.DMA_CalcDMAMUXChannelBaseAndMask), (48 bytes).
    Removing stm32g0xx_hal_dma.o(i.DMA_CalcDMAMUXRequestGenBaseAndMask), (36 bytes).
    Removing stm32g0xx_hal_dma.o(i.DMA_SetConfig), (72 bytes).
    Removing stm32g0xx_hal_dma.o(i.HAL_DMA_Abort), (116 bytes).
    Removing stm32g0xx_hal_dma.o(i.HAL_DMA_Abort_IT), (124 bytes).
    Removing stm32g0xx_hal_dma.o(i.HAL_DMA_DeInit), (132 bytes).
    Removing stm32g0xx_hal_dma.o(i.HAL_DMA_GetError), (4 bytes).
    Removing stm32g0xx_hal_dma.o(i.HAL_DMA_GetState), (6 bytes).
    Removing stm32g0xx_hal_dma.o(i.HAL_DMA_IRQHandler), (184 bytes).
    Removing stm32g0xx_hal_dma.o(i.HAL_DMA_Init), (160 bytes).
    Removing stm32g0xx_hal_dma.o(i.HAL_DMA_PollForTransfer), (272 bytes).
    Removing stm32g0xx_hal_dma.o(i.HAL_DMA_RegisterCallback), (72 bytes).
    Removing stm32g0xx_hal_dma.o(i.HAL_DMA_Start), (78 bytes).
    Removing stm32g0xx_hal_dma.o(i.HAL_DMA_Start_IT), (140 bytes).
    Removing stm32g0xx_hal_dma.o(i.HAL_DMA_UnRegisterCallback), (78 bytes).
    Removing stm32g0xx_hal_dma_ex.o(.rev16_text), (4 bytes).
    Removing stm32g0xx_hal_dma_ex.o(.revsh_text), (4 bytes).
    Removing stm32g0xx_hal_dma_ex.o(i.HAL_DMAEx_ConfigMuxRequestGenerator), (74 bytes).
    Removing stm32g0xx_hal_dma_ex.o(i.HAL_DMAEx_ConfigMuxSync), (78 bytes).
    Removing stm32g0xx_hal_dma_ex.o(i.HAL_DMAEx_DisableMuxRequestGenerator), (32 bytes).
    Removing stm32g0xx_hal_dma_ex.o(i.HAL_DMAEx_EnableMuxRequestGenerator), (32 bytes).
    Removing stm32g0xx_hal_dma_ex.o(i.HAL_DMAEx_MUX_IRQHandler), (104 bytes).
    Removing stm32g0xx_hal_exti.o(.rev16_text), (4 bytes).
    Removing stm32g0xx_hal_exti.o(.revsh_text), (4 bytes).
    Removing stm32g0xx_hal_exti.o(i.HAL_EXTI_ClearConfigLine), (120 bytes).
    Removing stm32g0xx_hal_exti.o(i.HAL_EXTI_ClearPending), (40 bytes).
    Removing stm32g0xx_hal_exti.o(i.HAL_EXTI_GenerateSWI), (28 bytes).
    Removing stm32g0xx_hal_exti.o(i.HAL_EXTI_GetConfigLine), (168 bytes).
    Removing stm32g0xx_hal_exti.o(i.HAL_EXTI_GetHandle), (14 bytes).
    Removing stm32g0xx_hal_exti.o(i.HAL_EXTI_GetPending), (44 bytes).
    Removing stm32g0xx_hal_exti.o(i.HAL_EXTI_IRQHandler), (68 bytes).
    Removing stm32g0xx_hal_exti.o(i.HAL_EXTI_RegisterCallback), (30 bytes).
    Removing stm32g0xx_hal_exti.o(i.HAL_EXTI_SetConfigLine), (172 bytes).
    Removing stm32g0xx_hal_fdcan.o(.rev16_text), (4 bytes).
    Removing stm32g0xx_hal_fdcan.o(.revsh_text), (4 bytes).
    Removing stm32g0xx_hal_flash.o(.rev16_text), (4 bytes).
    Removing stm32g0xx_hal_flash.o(.revsh_text), (4 bytes).
    Removing stm32g0xx_hal_flash.o(i.FLASH_Program_DoubleWord), (28 bytes).
    Removing stm32g0xx_hal_flash.o(i.FLASH_Program_Fast), (52 bytes).
    Removing stm32g0xx_hal_flash.o(i.FLASH_WaitForLastOperation), (100 bytes).
    Removing stm32g0xx_hal_flash.o(i.HAL_FLASH_EndOfOperationCallback), (2 bytes).
    Removing stm32g0xx_hal_flash.o(i.HAL_FLASH_GetError), (12 bytes).
    Removing stm32g0xx_hal_flash.o(i.HAL_FLASH_IRQHandler), (144 bytes).
    Removing stm32g0xx_hal_flash.o(i.HAL_FLASH_Lock), (28 bytes).
    Removing stm32g0xx_hal_flash.o(i.HAL_FLASH_OB_Launch), (20 bytes).
    Removing stm32g0xx_hal_flash.o(i.HAL_FLASH_OB_Lock), (28 bytes).
    Removing stm32g0xx_hal_flash.o(i.HAL_FLASH_OB_Unlock), (40 bytes).
    Removing stm32g0xx_hal_flash.o(i.HAL_FLASH_OperationErrorCallback), (2 bytes).
    Removing stm32g0xx_hal_flash.o(i.HAL_FLASH_Program), (96 bytes).
    Removing stm32g0xx_hal_flash.o(i.HAL_FLASH_Program_IT), (104 bytes).
    Removing stm32g0xx_hal_flash.o(i.HAL_FLASH_Unlock), (40 bytes).
    Removing stm32g0xx_hal_flash.o(.bss), (28 bytes).
    Removing stm32g0xx_hal_flash_ex.o(.rev16_text), (4 bytes).
    Removing stm32g0xx_hal_flash_ex.o(.revsh_text), (4 bytes).
    Removing stm32g0xx_hal_flash_ex.o(i.FLASH_FlushCaches), (44 bytes).
    Removing stm32g0xx_hal_flash_ex.o(i.FLASH_MassErase), (20 bytes).
    Removing stm32g0xx_hal_flash_ex.o(i.FLASH_OB_GetRDP), (24 bytes).
    Removing stm32g0xx_hal_flash_ex.o(i.FLASH_OB_GetUser), (20 bytes).
    Removing stm32g0xx_hal_flash_ex.o(i.FLASH_OB_OptrConfig), (24 bytes).
    Removing stm32g0xx_hal_flash_ex.o(i.FLASH_PageErase), (32 bytes).
    Removing stm32g0xx_hal_flash_ex.o(i.HAL_FLASHEx_Erase), (136 bytes).
    Removing stm32g0xx_hal_flash_ex.o(i.HAL_FLASHEx_Erase_IT), (108 bytes).
    Removing stm32g0xx_hal_flash_ex.o(i.HAL_FLASHEx_FlashEmptyCheck), (16 bytes).
    Removing stm32g0xx_hal_flash_ex.o(i.HAL_FLASHEx_ForceFlashEmpty), (20 bytes).
    Removing stm32g0xx_hal_flash_ex.o(i.HAL_FLASHEx_OBGetConfig), (72 bytes).
    Removing stm32g0xx_hal_flash_ex.o(i.HAL_FLASHEx_OBProgram), (152 bytes).
    Removing stm32g0xx_hal_gpio.o(.rev16_text), (4 bytes).
    Removing stm32g0xx_hal_gpio.o(.revsh_text), (4 bytes).
    Removing stm32g0xx_hal_gpio.o(i.HAL_GPIO_DeInit), (212 bytes).
    Removing stm32g0xx_hal_gpio.o(i.HAL_GPIO_EXTI_Falling_Callback), (2 bytes).
    Removing stm32g0xx_hal_gpio.o(i.HAL_GPIO_EXTI_IRQHandler), (40 bytes).
    Removing stm32g0xx_hal_gpio.o(i.HAL_GPIO_EXTI_Rising_Callback), (2 bytes).
    Removing stm32g0xx_hal_gpio.o(i.HAL_GPIO_LockPin), (36 bytes).
    Removing stm32g0xx_hal_gpio.o(i.HAL_GPIO_TogglePin), (16 bytes).
    Removing stm32g0xx_hal_hcd.o(.rev16_text), (4 bytes).
    Removing stm32g0xx_hal_hcd.o(.revsh_text), (4 bytes).
    Removing stm32g0xx_hal_i2c.o(.rev16_text), (4 bytes).
    Removing stm32g0xx_hal_i2c.o(.revsh_text), (4 bytes).
    Removing stm32g0xx_hal_i2c_ex.o(.rev16_text), (4 bytes).
    Removing stm32g0xx_hal_i2c_ex.o(.revsh_text), (4 bytes).
    Removing stm32g0xx_hal_i2s.o(.rev16_text), (4 bytes).
    Removing stm32g0xx_hal_i2s.o(.revsh_text), (4 bytes).
    Removing stm32g0xx_hal_irda.o(.rev16_text), (4 bytes).
    Removing stm32g0xx_hal_irda.o(.revsh_text), (4 bytes).
    Removing stm32g0xx_hal_iwdg.o(.rev16_text), (4 bytes).
    Removing stm32g0xx_hal_iwdg.o(.revsh_text), (4 bytes).
    Removing stm32g0xx_hal_lptim.o(.rev16_text), (4 bytes).
    Removing stm32g0xx_hal_lptim.o(.revsh_text), (4 bytes).
    Removing stm32g0xx_hal_pcd.o(.rev16_text), (4 bytes).
    Removing stm32g0xx_hal_pcd.o(.revsh_text), (4 bytes).
    Removing stm32g0xx_hal_pcd_ex.o(.rev16_text), (4 bytes).
    Removing stm32g0xx_hal_pcd_ex.o(.revsh_text), (4 bytes).
    Removing stm32g0xx_hal_pwr.o(.rev16_text), (4 bytes).
    Removing stm32g0xx_hal_pwr.o(.revsh_text), (4 bytes).
    Removing stm32g0xx_hal_pwr.o(i.HAL_PWR_DeInit), (24 bytes).
    Removing stm32g0xx_hal_pwr.o(i.HAL_PWR_DisableBkUpAccess), (16 bytes).
    Removing stm32g0xx_hal_pwr.o(i.HAL_PWR_DisableSEVOnPend), (16 bytes).
    Removing stm32g0xx_hal_pwr.o(i.HAL_PWR_DisableSleepOnExit), (16 bytes).
    Removing stm32g0xx_hal_pwr.o(i.HAL_PWR_DisableWakeUpPin), (20 bytes).
    Removing stm32g0xx_hal_pwr.o(i.HAL_PWR_EnableBkUpAccess), (16 bytes).
    Removing stm32g0xx_hal_pwr.o(i.HAL_PWR_EnableSEVOnPend), (16 bytes).
    Removing stm32g0xx_hal_pwr.o(i.HAL_PWR_EnableSleepOnExit), (16 bytes).
    Removing stm32g0xx_hal_pwr.o(i.HAL_PWR_EnableWakeUpPin), (28 bytes).
    Removing stm32g0xx_hal_pwr.o(i.HAL_PWR_EnterSLEEPMode), (68 bytes).
    Removing stm32g0xx_hal_pwr.o(i.HAL_PWR_EnterSTANDBYMode), (36 bytes).
    Removing stm32g0xx_hal_pwr.o(i.HAL_PWR_EnterSTOPMode), (64 bytes).
    Removing stm32g0xx_hal_pwr_ex.o(.rev16_text), (4 bytes).
    Removing stm32g0xx_hal_pwr_ex.o(.revsh_text), (4 bytes).
    Removing stm32g0xx_hal_pwr_ex.o(i.HAL_PWREx_DisableBatteryCharging), (16 bytes).
    Removing stm32g0xx_hal_pwr_ex.o(i.HAL_PWREx_DisableFlashPowerDown), (16 bytes).
    Removing stm32g0xx_hal_pwr_ex.o(i.HAL_PWREx_DisableGPIOPullDown), (80 bytes).
    Removing stm32g0xx_hal_pwr_ex.o(i.HAL_PWREx_DisableGPIOPullUp), (80 bytes).
    Removing stm32g0xx_hal_pwr_ex.o(i.HAL_PWREx_DisableInternalWakeUpLine), (16 bytes).
    Removing stm32g0xx_hal_pwr_ex.o(i.HAL_PWREx_DisableLowPowerRunMode), (64 bytes).
    Removing stm32g0xx_hal_pwr_ex.o(i.HAL_PWREx_DisablePullUpPullDownConfig), (16 bytes).
    Removing stm32g0xx_hal_pwr_ex.o(i.HAL_PWREx_EnableBatteryCharging), (24 bytes).
    Removing stm32g0xx_hal_pwr_ex.o(i.HAL_PWREx_EnableFlashPowerDown), (16 bytes).
    Removing stm32g0xx_hal_pwr_ex.o(i.HAL_PWREx_EnableGPIOPullDown), (116 bytes).
    Removing stm32g0xx_hal_pwr_ex.o(i.HAL_PWREx_EnableGPIOPullUp), (116 bytes).
    Removing stm32g0xx_hal_pwr_ex.o(i.HAL_PWREx_EnableInternalWakeUpLine), (16 bytes).
    Removing stm32g0xx_hal_pwr_ex.o(i.HAL_PWREx_EnableLowPowerRunMode), (16 bytes).
    Removing stm32g0xx_hal_pwr_ex.o(i.HAL_PWREx_EnablePullUpPullDownConfig), (16 bytes).
    Removing stm32g0xx_hal_pwr_ex.o(i.HAL_PWREx_GetVoltageRange), (16 bytes).
    Removing stm32g0xx_hal_rcc.o(.rev16_text), (4 bytes).
    Removing stm32g0xx_hal_rcc.o(.revsh_text), (4 bytes).
    Removing stm32g0xx_hal_rcc.o(i.HAL_RCC_CSSCallback), (2 bytes).
    Removing stm32g0xx_hal_rcc.o(i.HAL_RCC_DeInit), (164 bytes).
    Removing stm32g0xx_hal_rcc.o(i.HAL_RCC_DisableLSECSS), (16 bytes).
    Removing stm32g0xx_hal_rcc.o(i.HAL_RCC_EnableCSS), (20 bytes).
    Removing stm32g0xx_hal_rcc.o(i.HAL_RCC_EnableLSECSS), (16 bytes).
    Removing stm32g0xx_hal_rcc.o(i.HAL_RCC_GetClockConfig), (56 bytes).
    Removing stm32g0xx_hal_rcc.o(i.HAL_RCC_GetHCLKFreq), (12 bytes).
    Removing stm32g0xx_hal_rcc.o(i.HAL_RCC_GetOscConfig), (176 bytes).
    Removing stm32g0xx_hal_rcc.o(i.HAL_RCC_GetPCLK1Freq), (40 bytes).
    Removing stm32g0xx_hal_rcc.o(i.HAL_RCC_LSECSSCallback), (2 bytes).
    Removing stm32g0xx_hal_rcc.o(i.HAL_RCC_MCOConfig), (80 bytes).
    Removing stm32g0xx_hal_rcc.o(i.HAL_RCC_NMI_IRQHandler), (36 bytes).
    Removing stm32g0xx_hal_rcc_ex.o(.rev16_text), (4 bytes).
    Removing stm32g0xx_hal_rcc_ex.o(.revsh_text), (4 bytes).
    Removing stm32g0xx_hal_rcc_ex.o(i.HAL_RCCEx_DisableLSCO), (92 bytes).
    Removing stm32g0xx_hal_rcc_ex.o(i.HAL_RCCEx_EnableLSCO), (140 bytes).
    Removing stm32g0xx_hal_rcc_ex.o(i.HAL_RCCEx_GetPeriphCLKConfig), (64 bytes).
    Removing stm32g0xx_hal_rcc_ex.o(i.HAL_RCCEx_GetPeriphCLKFreq), (392 bytes).
    Removing stm32g0xx_hal_rng.o(.rev16_text), (4 bytes).
    Removing stm32g0xx_hal_rng.o(.revsh_text), (4 bytes).
    Removing stm32g0xx_hal_rtc.o(.rev16_text), (4 bytes).
    Removing stm32g0xx_hal_rtc.o(.revsh_text), (4 bytes).
    Removing stm32g0xx_hal_rtc_ex.o(.rev16_text), (4 bytes).
    Removing stm32g0xx_hal_rtc_ex.o(.revsh_text), (4 bytes).
    Removing stm32g0xx_hal_smartcard.o(.rev16_text), (4 bytes).
    Removing stm32g0xx_hal_smartcard.o(.revsh_text), (4 bytes).
    Removing stm32g0xx_hal_smartcard_ex.o(.rev16_text), (4 bytes).
    Removing stm32g0xx_hal_smartcard_ex.o(.revsh_text), (4 bytes).
    Removing stm32g0xx_hal_smbus.o(.rev16_text), (4 bytes).
    Removing stm32g0xx_hal_smbus.o(.revsh_text), (4 bytes).
    Removing stm32g0xx_hal_spi.o(.rev16_text), (4 bytes).
    Removing stm32g0xx_hal_spi.o(.revsh_text), (4 bytes).
    Removing stm32g0xx_hal_spi_ex.o(.rev16_text), (4 bytes).
    Removing stm32g0xx_hal_spi_ex.o(.revsh_text), (4 bytes).
    Removing stm32g0xx_hal_tim.o(.rev16_text), (4 bytes).
    Removing stm32g0xx_hal_tim.o(.revsh_text), (4 bytes).
    Removing stm32g0xx_hal_tim_ex.o(.rev16_text), (4 bytes).
    Removing stm32g0xx_hal_tim_ex.o(.revsh_text), (4 bytes).
    Removing stm32g0xx_hal_uart.o(.rev16_text), (4 bytes).
    Removing stm32g0xx_hal_uart.o(.revsh_text), (4 bytes).
    Removing stm32g0xx_hal_uart.o(i.HAL_HalfDuplex_EnableReceiver), (54 bytes).
    Removing stm32g0xx_hal_uart.o(i.HAL_HalfDuplex_EnableTransmitter), (54 bytes).
    Removing stm32g0xx_hal_uart.o(i.HAL_HalfDuplex_Init), (118 bytes).
    Removing stm32g0xx_hal_uart.o(i.HAL_LIN_Init), (146 bytes).
    Removing stm32g0xx_hal_uart.o(i.HAL_LIN_SendBreak), (42 bytes).
    Removing stm32g0xx_hal_uart.o(i.HAL_MultiProcessor_DisableMuteMode), (46 bytes).
    Removing stm32g0xx_hal_uart.o(i.HAL_MultiProcessor_EnableMuteMode), (46 bytes).
    Removing stm32g0xx_hal_uart.o(i.HAL_MultiProcessor_EnterMuteMode), (12 bytes).
    Removing stm32g0xx_hal_uart.o(i.HAL_MultiProcessor_Init), (144 bytes).
    Removing stm32g0xx_hal_uart.o(i.HAL_UARTEx_RxEventCallback), (2 bytes).
    Removing stm32g0xx_hal_uart.o(i.HAL_UART_Abort), (204 bytes).
    Removing stm32g0xx_hal_uart.o(i.HAL_UART_AbortCpltCallback), (2 bytes).
    Removing stm32g0xx_hal_uart.o(i.HAL_UART_AbortReceive), (136 bytes).
    Removing stm32g0xx_hal_uart.o(i.HAL_UART_AbortReceiveCpltCallback), (2 bytes).
    Removing stm32g0xx_hal_uart.o(i.HAL_UART_AbortReceive_IT), (152 bytes).
    Removing stm32g0xx_hal_uart.o(i.HAL_UART_AbortTransmit), (116 bytes).
    Removing stm32g0xx_hal_uart.o(i.HAL_UART_AbortTransmitCpltCallback), (2 bytes).
    Removing stm32g0xx_hal_uart.o(i.HAL_UART_AbortTransmit_IT), (128 bytes).
    Removing stm32g0xx_hal_uart.o(i.HAL_UART_Abort_IT), (248 bytes).
    Removing stm32g0xx_hal_uart.o(i.HAL_UART_DMAPause), (94 bytes).
    Removing stm32g0xx_hal_uart.o(i.HAL_UART_DMAResume), (86 bytes).
    Removing stm32g0xx_hal_uart.o(i.HAL_UART_DMAStop), (126 bytes).
    Removing stm32g0xx_hal_uart.o(i.HAL_UART_DeInit), (64 bytes).
    Removing stm32g0xx_hal_uart.o(i.HAL_UART_DisableReceiverTimeout), (50 bytes).
    Removing stm32g0xx_hal_uart.o(i.HAL_UART_EnableReceiverTimeout), (50 bytes).
    Removing stm32g0xx_hal_uart.o(i.HAL_UART_ErrorCallback), (2 bytes).
    Removing stm32g0xx_hal_uart.o(i.HAL_UART_GetError), (6 bytes).
    Removing stm32g0xx_hal_uart.o(i.HAL_UART_GetState), (12 bytes).
    Removing stm32g0xx_hal_uart.o(i.HAL_UART_IRQHandler), (612 bytes).
    Removing stm32g0xx_hal_uart.o(i.HAL_UART_Init), (108 bytes).
    Removing stm32g0xx_hal_uart.o(i.HAL_UART_MspDeInit), (2 bytes).
    Removing stm32g0xx_hal_uart.o(i.HAL_UART_MspInit), (100 bytes).
    Removing stm32g0xx_hal_uart.o(i.HAL_UART_Receive), (276 bytes).
    Removing stm32g0xx_hal_uart.o(i.HAL_UART_Receive_DMA), (68 bytes).
    Removing stm32g0xx_hal_uart.o(i.HAL_UART_Receive_IT), (68 bytes).
    Removing stm32g0xx_hal_uart.o(i.HAL_UART_ReceiverTimeout_Config), (14 bytes).
    Removing stm32g0xx_hal_uart.o(i.HAL_UART_RxCpltCallback), (2 bytes).
    Removing stm32g0xx_hal_uart.o(i.HAL_UART_RxHalfCpltCallback), (2 bytes).
    Removing stm32g0xx_hal_uart.o(i.HAL_UART_Transmit), (216 bytes).
    Removing stm32g0xx_hal_uart.o(i.HAL_UART_Transmit_DMA), (172 bytes).
    Removing stm32g0xx_hal_uart.o(i.HAL_UART_Transmit_IT), (168 bytes).
    Removing stm32g0xx_hal_uart.o(i.HAL_UART_TxCpltCallback), (2 bytes).
    Removing stm32g0xx_hal_uart.o(i.HAL_UART_TxHalfCpltCallback), (2 bytes).
    Removing stm32g0xx_hal_uart.o(i.UART_AdvFeatureConfig), (202 bytes).
    Removing stm32g0xx_hal_uart.o(i.UART_CheckIdleState), (100 bytes).
    Removing stm32g0xx_hal_uart.o(i.UART_DMAAbortOnError), (20 bytes).
    Removing stm32g0xx_hal_uart.o(i.UART_DMAError), (78 bytes).
    Removing stm32g0xx_hal_uart.o(i.UART_DMAReceiveCplt), (96 bytes).
    Removing stm32g0xx_hal_uart.o(i.UART_DMARxAbortCallback), (64 bytes).
    Removing stm32g0xx_hal_uart.o(i.UART_DMARxHalfCplt), (28 bytes).
    Removing stm32g0xx_hal_uart.o(i.UART_DMARxOnlyAbortCallback), (40 bytes).
    Removing stm32g0xx_hal_uart.o(i.UART_DMATransmitCplt), (48 bytes).
    Removing stm32g0xx_hal_uart.o(i.UART_DMATxAbortCallback), (74 bytes).
    Removing stm32g0xx_hal_uart.o(i.UART_DMATxHalfCplt), (10 bytes).
    Removing stm32g0xx_hal_uart.o(i.UART_DMATxOnlyAbortCallback), (42 bytes).
    Removing stm32g0xx_hal_uart.o(i.UART_EndRxTransfer), (56 bytes).
    Removing stm32g0xx_hal_uart.o(i.UART_EndTxTransfer), (30 bytes).
    Removing stm32g0xx_hal_uart.o(i.UART_RxISR_16BIT), (122 bytes).
    Removing stm32g0xx_hal_uart.o(i.UART_RxISR_16BIT_FIFOEN), (316 bytes).
    Removing stm32g0xx_hal_uart.o(i.UART_RxISR_8BIT), (122 bytes).
    Removing stm32g0xx_hal_uart.o(i.UART_RxISR_8BIT_FIFOEN), (316 bytes).
    Removing stm32g0xx_hal_uart.o(i.UART_SetConfig), (408 bytes).
    Removing stm32g0xx_hal_uart.o(i.UART_Start_Receive_DMA), (132 bytes).
    Removing stm32g0xx_hal_uart.o(i.UART_Start_Receive_IT), (224 bytes).
    Removing stm32g0xx_hal_uart.o(i.UART_TxISR_16BIT), (66 bytes).
    Removing stm32g0xx_hal_uart.o(i.UART_TxISR_16BIT_FIFOEN), (88 bytes).
    Removing stm32g0xx_hal_uart.o(i.UART_TxISR_8BIT), (62 bytes).
    Removing stm32g0xx_hal_uart.o(i.UART_TxISR_8BIT_FIFOEN), (84 bytes).
    Removing stm32g0xx_hal_uart.o(i.UART_WaitOnFlagUntilTimeout), (156 bytes).
    Removing stm32g0xx_hal_uart.o(.constdata), (24 bytes).
    Removing stm32g0xx_hal_uart_ex.o(.rev16_text), (4 bytes).
    Removing stm32g0xx_hal_uart_ex.o(.revsh_text), (4 bytes).
    Removing stm32g0xx_hal_uart_ex.o(i.HAL_MultiProcessorEx_AddressLength_Set), (54 bytes).
    Removing stm32g0xx_hal_uart_ex.o(i.HAL_RS485Ex_Init), (144 bytes).
    Removing stm32g0xx_hal_uart_ex.o(i.HAL_UARTEx_DisableFifoMode), (60 bytes).
    Removing stm32g0xx_hal_uart_ex.o(i.HAL_UARTEx_DisableStopMode), (34 bytes).
    Removing stm32g0xx_hal_uart_ex.o(i.HAL_UARTEx_EnableFifoMode), (62 bytes).
    Removing stm32g0xx_hal_uart_ex.o(i.HAL_UARTEx_EnableStopMode), (34 bytes).
    Removing stm32g0xx_hal_uart_ex.o(i.HAL_UARTEx_ReceiveToIdle), (340 bytes).
    Removing stm32g0xx_hal_uart_ex.o(i.HAL_UARTEx_ReceiveToIdle_DMA), (92 bytes).
    Removing stm32g0xx_hal_uart_ex.o(i.HAL_UARTEx_ReceiveToIdle_IT), (92 bytes).
    Removing stm32g0xx_hal_uart_ex.o(i.HAL_UARTEx_RxFifoFullCallback), (2 bytes).
    Removing stm32g0xx_hal_uart_ex.o(i.HAL_UARTEx_SetRxFifoThreshold), (72 bytes).
    Removing stm32g0xx_hal_uart_ex.o(i.HAL_UARTEx_SetTxFifoThreshold), (70 bytes).
    Removing stm32g0xx_hal_uart_ex.o(i.HAL_UARTEx_StopModeWakeUpSourceConfig), (152 bytes).
    Removing stm32g0xx_hal_uart_ex.o(i.HAL_UARTEx_TxFifoEmptyCallback), (2 bytes).
    Removing stm32g0xx_hal_uart_ex.o(i.HAL_UARTEx_WakeupCallback), (2 bytes).
    Removing stm32g0xx_hal_uart_ex.o(i.UARTEx_SetNbDataToProcess), (96 bytes).
    Removing stm32g0xx_hal_usart.o(.rev16_text), (4 bytes).
    Removing stm32g0xx_hal_usart.o(.revsh_text), (4 bytes).
    Removing stm32g0xx_hal_usart_ex.o(.rev16_text), (4 bytes).
    Removing stm32g0xx_hal_usart_ex.o(.revsh_text), (4 bytes).
    Removing stm32g0xx_hal_wwdg.o(.rev16_text), (4 bytes).
    Removing stm32g0xx_hal_wwdg.o(.revsh_text), (4 bytes).
    Removing system_stm32g0xx.o(.rev16_text), (4 bytes).
    Removing system_stm32g0xx.o(.revsh_text), (4 bytes).
    Removing system_stm32g0xx.o(i.SystemCoreClockUpdate), (144 bytes).
    Removing system_stm32g0xx.o(.constdata), (32 bytes).
    Removing croutine.o(.rev16_text), (4 bytes).
    Removing croutine.o(.revsh_text), (4 bytes).
    Removing event_groups.o(.rev16_text), (4 bytes).
    Removing event_groups.o(.revsh_text), (4 bytes).
    Removing event_groups.o(i.prvTestWaitCondition), (22 bytes).
    Removing event_groups.o(i.vEventGroupClearBitsCallback), (8 bytes).
    Removing event_groups.o(i.vEventGroupDelete), (42 bytes).
    Removing event_groups.o(i.vEventGroupSetBitsCallback), (8 bytes).
    Removing event_groups.o(i.xEventGroupClearBits), (26 bytes).
    Removing event_groups.o(i.xEventGroupCreate), (26 bytes).
    Removing event_groups.o(i.xEventGroupGetBitsFromISR), (18 bytes).
    Removing event_groups.o(i.xEventGroupSetBits), (102 bytes).
    Removing event_groups.o(i.xEventGroupSync), (130 bytes).
    Removing event_groups.o(i.xEventGroupWaitBits), (160 bytes).
    Removing list.o(.rev16_text), (4 bytes).
    Removing list.o(.revsh_text), (4 bytes).
    Removing queue.o(.rev16_text), (4 bytes).
    Removing queue.o(.revsh_text), (4 bytes).
    Removing queue.o(i.prvCopyDataFromQueue), (38 bytes).
    Removing queue.o(i.prvCopyDataToQueue), (92 bytes).
    Removing queue.o(i.prvIsQueueEmpty), (28 bytes).
    Removing queue.o(i.prvUnlockQueue), (112 bytes).
    Removing queue.o(i.uxQueueMessagesWaiting), (18 bytes).
    Removing queue.o(i.uxQueueMessagesWaitingFromISR), (4 bytes).
    Removing queue.o(i.uxQueueSpacesAvailable), (22 bytes).
    Removing queue.o(i.vQueueDelete), (8 bytes).
    Removing queue.o(i.xQueueGenericCreate), (54 bytes).
    Removing queue.o(i.xQueueGenericReceive), (238 bytes).
    Removing queue.o(i.xQueueGenericReset), (100 bytes).
    Removing queue.o(i.xQueueGenericSend), (224 bytes).
    Removing queue.o(i.xQueueGenericSendFromISR), (100 bytes).
    Removing queue.o(i.xQueueGiveFromISR), (84 bytes).
    Removing queue.o(i.xQueueIsQueueEmptyFromISR), (14 bytes).
    Removing queue.o(i.xQueueIsQueueFullFromISR), (16 bytes).
    Removing queue.o(i.xQueuePeekFromISR), (46 bytes).
    Removing queue.o(i.xQueueReceiveFromISR), (96 bytes).
    Removing tasks.o(.rev16_text), (4 bytes).
    Removing tasks.o(.revsh_text), (4 bytes).
    Removing tasks.o(i.pcTaskGetName), (16 bytes).
    Removing tasks.o(i.prvTaskIsTaskSuspended), (36 bytes).
    Removing tasks.o(i.ulTaskNotifyTake), (96 bytes).
    Removing tasks.o(i.uxTaskGetNumberOfTasks), (12 bytes).
    Removing tasks.o(i.uxTaskPriorityGet), (32 bytes).
    Removing tasks.o(i.uxTaskPriorityGetFromISR), (32 bytes).
    Removing tasks.o(i.uxTaskResetEventItemValue), (24 bytes).
    Removing tasks.o(i.vTaskDelayUntil), (68 bytes).
    Removing tasks.o(i.vTaskEndScheduler), (20 bytes).
    Removing tasks.o(i.vTaskMissedYield), (12 bytes).
    Removing tasks.o(i.vTaskNotifyGiveFromISR), (120 bytes).
    Removing tasks.o(i.vTaskPlaceOnEventList), (28 bytes).
    Removing tasks.o(i.vTaskPlaceOnUnorderedEventList), (40 bytes).
    Removing tasks.o(i.vTaskPrioritySet), (136 bytes).
    Removing tasks.o(i.vTaskResume), (88 bytes).
    Removing tasks.o(i.vTaskSetTimeOutState), (16 bytes).
    Removing tasks.o(i.vTaskSuspend), (116 bytes).
    Removing tasks.o(i.xTaskCheckForTimeOut), (72 bytes).
    Removing tasks.o(i.xTaskGenericNotify), (148 bytes).
    Removing tasks.o(i.xTaskGenericNotifyFromISR), (176 bytes).
    Removing tasks.o(i.xTaskGetTickCount), (12 bytes).
    Removing tasks.o(i.xTaskGetTickCountFromISR), (12 bytes).
    Removing tasks.o(i.xTaskNotifyStateClear), (48 bytes).
    Removing tasks.o(i.xTaskNotifyWait), (124 bytes).
    Removing tasks.o(i.xTaskRemoveFromEventList), (92 bytes).
    Removing tasks.o(i.xTaskRemoveFromUnorderedEventList), (76 bytes).
    Removing tasks.o(i.xTaskResumeFromISR), (100 bytes).
    Removing timers.o(.rev16_text), (4 bytes).
    Removing timers.o(.revsh_text), (4 bytes).
    Removing heap_4.o(.rev16_text), (4 bytes).
    Removing heap_4.o(.revsh_text), (4 bytes).
    Removing heap_4.o(i.vPortInitialiseBlocks), (2 bytes).
    Removing heap_4.o(i.xPortGetFreeHeapSize), (12 bytes).
    Removing heap_4.o(i.xPortGetMinimumEverFreeHeapSize), (12 bytes).
    Removing port.o(.rev16_text), (4 bytes).
    Removing port.o(.revsh_text), (4 bytes).
    Removing port.o(i.vPortEndScheduler), (2 bytes).
    Removing bsp_led.o(.rev16_text), (4 bytes).
    Removing bsp_led.o(.revsh_text), (4 bytes).
    Removing sm1616_drv.o(.rev16_text), (4 bytes).
    Removing sm1616_drv.o(.revsh_text), (4 bytes).
    Removing sm1616_drv.o(i.SM1616_I2c_Send_NBytes), (78 bytes).
    Removing sm1616_dev.o(.rev16_text), (4 bytes).
    Removing sm1616_dev.o(.revsh_text), (4 bytes).
    Removing sm1616_dev.o(i.sm1616_Brightness_Ctrl), (12 bytes).
    Removing sm1616_dev.o(i.sm1616_Display), (10 bytes).
    Removing sm1616_dev.o(.constdata), (17 bytes).
    Removing sm1616_dev.o(.data), (16 bytes).
    Removing apt8l16.o(.rev16_text), (4 bytes).
    Removing apt8l16.o(.revsh_text), (4 bytes).
    Removing apt8l16.o(i.APT8L16ReadKeyValue), (84 bytes).
    Removing apt8l16.o(i.I2c_Start_test1), (96 bytes).
    Removing debug_uart.o(.rev16_text), (4 bytes).
    Removing debug_uart.o(.revsh_text), (4 bytes).
    Removing debug_uart.o(i.Uart1_GPIO_Init), (24 bytes).
    Removing debug_uart.o(i.Uart1_Init), (72 bytes).
    Removing debug_uart.o(.bss), (144 bytes).
    Removing stm32g0xx_hal_dma.o(i.__ARM_common_switch8), (26 bytes).

431 unused section(s) (total 20911 bytes) removed from the image.

==============================================================================

Image Symbol Table

    Local Symbols

    Symbol Name                              Value     Ov Type        Size  Object(Section)

    ../Core/Src/main.c                       0x00000000   Number         0  main.o ABSOLUTE
    ../Core/Src/stm32g0xx_hal_msp.c          0x00000000   Number         0  stm32g0xx_hal_msp.o ABSOLUTE
    ../Core/Src/stm32g0xx_it.c               0x00000000   Number         0  stm32g0xx_it.o ABSOLUTE
    ../Core/Src/system_stm32g0xx.c           0x00000000   Number         0  system_stm32g0xx.o ABSOLUTE
    ../clib/microlib/division.c              0x00000000   Number         0  uidiv.o ABSOLUTE
    ../clib/microlib/init/entry.s            0x00000000   Number         0  entry.o ABSOLUTE
    ../clib/microlib/init/entry.s            0x00000000   Number         0  entry11b.o ABSOLUTE
    ../clib/microlib/init/entry.s            0x00000000   Number         0  entry11a.o ABSOLUTE
    ../clib/microlib/init/entry.s            0x00000000   Number         0  entry10b.o ABSOLUTE
    ../clib/microlib/init/entry.s            0x00000000   Number         0  entry10a.o ABSOLUTE
    ../clib/microlib/init/entry.s            0x00000000   Number         0  entry9b.o ABSOLUTE
    ../clib/microlib/init/entry.s            0x00000000   Number         0  entry9a.o ABSOLUTE
    ../clib/microlib/init/entry.s            0x00000000   Number         0  entry8b.o ABSOLUTE
    ../clib/microlib/init/entry.s            0x00000000   Number         0  entry8a.o ABSOLUTE
    ../clib/microlib/init/entry.s            0x00000000   Number         0  entry7b.o ABSOLUTE
    ../clib/microlib/init/entry.s            0x00000000   Number         0  entry7a.o ABSOLUTE
    ../clib/microlib/init/entry.s            0x00000000   Number         0  entry5.o ABSOLUTE
    ../clib/microlib/init/entry.s            0x00000000   Number         0  entry2.o ABSOLUTE
    ../clib/microlib/string/memcpy.c         0x00000000   Number         0  memcpyb.o ABSOLUTE
    ../clib/microlib/string/memcpy.c         0x00000000   Number         0  memcpya.o ABSOLUTE
    ../clib/microlib/string/memset.c         0x00000000   Number         0  memseta.o ABSOLUTE
    ..\APT8L16\apt8l16.c                     0x00000000   Number         0  apt8l16.o ABSOLUTE
    ..\Core\Src\main.c                       0x00000000   Number         0  main.o ABSOLUTE
    ..\Core\Src\stm32g0xx_hal_msp.c          0x00000000   Number         0  stm32g0xx_hal_msp.o ABSOLUTE
    ..\Core\Src\stm32g0xx_it.c               0x00000000   Number         0  stm32g0xx_it.o ABSOLUTE
    ..\Core\Src\system_stm32g0xx.c           0x00000000   Number         0  system_stm32g0xx.o ABSOLUTE
    ..\Drivers\STM32G0xx_HAL_Driver\Src\stm32g0xx_hal.c 0x00000000   Number         0  stm32g0xx_hal.o ABSOLUTE
    ..\Drivers\STM32G0xx_HAL_Driver\Src\stm32g0xx_hal_adc.c 0x00000000   Number         0  stm32g0xx_hal_adc.o ABSOLUTE
    ..\Drivers\STM32G0xx_HAL_Driver\Src\stm32g0xx_hal_adc_ex.c 0x00000000   Number         0  stm32g0xx_hal_adc_ex.o ABSOLUTE
    ..\Drivers\STM32G0xx_HAL_Driver\Src\stm32g0xx_hal_cec.c 0x00000000   Number         0  stm32g0xx_hal_cec.o ABSOLUTE
    ..\Drivers\STM32G0xx_HAL_Driver\Src\stm32g0xx_hal_comp.c 0x00000000   Number         0  stm32g0xx_hal_comp.o ABSOLUTE
    ..\Drivers\STM32G0xx_HAL_Driver\Src\stm32g0xx_hal_cortex.c 0x00000000   Number         0  stm32g0xx_hal_cortex.o ABSOLUTE
    ..\Drivers\STM32G0xx_HAL_Driver\Src\stm32g0xx_hal_crc.c 0x00000000   Number         0  stm32g0xx_hal_crc.o ABSOLUTE
    ..\Drivers\STM32G0xx_HAL_Driver\Src\stm32g0xx_hal_crc_ex.c 0x00000000   Number         0  stm32g0xx_hal_crc_ex.o ABSOLUTE
    ..\Drivers\STM32G0xx_HAL_Driver\Src\stm32g0xx_hal_cryp.c 0x00000000   Number         0  stm32g0xx_hal_cryp.o ABSOLUTE
    ..\Drivers\STM32G0xx_HAL_Driver\Src\stm32g0xx_hal_cryp_ex.c 0x00000000   Number         0  stm32g0xx_hal_cryp_ex.o ABSOLUTE
    ..\Drivers\STM32G0xx_HAL_Driver\Src\stm32g0xx_hal_dac.c 0x00000000   Number         0  stm32g0xx_hal_dac.o ABSOLUTE
    ..\Drivers\STM32G0xx_HAL_Driver\Src\stm32g0xx_hal_dac_ex.c 0x00000000   Number         0  stm32g0xx_hal_dac_ex.o ABSOLUTE
    ..\Drivers\STM32G0xx_HAL_Driver\Src\stm32g0xx_hal_dma.c 0x00000000   Number         0  stm32g0xx_hal_dma.o ABSOLUTE
    ..\Drivers\STM32G0xx_HAL_Driver\Src\stm32g0xx_hal_dma_ex.c 0x00000000   Number         0  stm32g0xx_hal_dma_ex.o ABSOLUTE
    ..\Drivers\STM32G0xx_HAL_Driver\Src\stm32g0xx_hal_exti.c 0x00000000   Number         0  stm32g0xx_hal_exti.o ABSOLUTE
    ..\Drivers\STM32G0xx_HAL_Driver\Src\stm32g0xx_hal_fdcan.c 0x00000000   Number         0  stm32g0xx_hal_fdcan.o ABSOLUTE
    ..\Drivers\STM32G0xx_HAL_Driver\Src\stm32g0xx_hal_flash.c 0x00000000   Number         0  stm32g0xx_hal_flash.o ABSOLUTE
    ..\Drivers\STM32G0xx_HAL_Driver\Src\stm32g0xx_hal_flash_ex.c 0x00000000   Number         0  stm32g0xx_hal_flash_ex.o ABSOLUTE
    ..\Drivers\STM32G0xx_HAL_Driver\Src\stm32g0xx_hal_gpio.c 0x00000000   Number         0  stm32g0xx_hal_gpio.o ABSOLUTE
    ..\Drivers\STM32G0xx_HAL_Driver\Src\stm32g0xx_hal_hcd.c 0x00000000   Number         0  stm32g0xx_hal_hcd.o ABSOLUTE
    ..\Drivers\STM32G0xx_HAL_Driver\Src\stm32g0xx_hal_i2c.c 0x00000000   Number         0  stm32g0xx_hal_i2c.o ABSOLUTE
    ..\Drivers\STM32G0xx_HAL_Driver\Src\stm32g0xx_hal_i2c_ex.c 0x00000000   Number         0  stm32g0xx_hal_i2c_ex.o ABSOLUTE
    ..\Drivers\STM32G0xx_HAL_Driver\Src\stm32g0xx_hal_i2s.c 0x00000000   Number         0  stm32g0xx_hal_i2s.o ABSOLUTE
    ..\Drivers\STM32G0xx_HAL_Driver\Src\stm32g0xx_hal_irda.c 0x00000000   Number         0  stm32g0xx_hal_irda.o ABSOLUTE
    ..\Drivers\STM32G0xx_HAL_Driver\Src\stm32g0xx_hal_iwdg.c 0x00000000   Number         0  stm32g0xx_hal_iwdg.o ABSOLUTE
    ..\Drivers\STM32G0xx_HAL_Driver\Src\stm32g0xx_hal_lptim.c 0x00000000   Number         0  stm32g0xx_hal_lptim.o ABSOLUTE
    ..\Drivers\STM32G0xx_HAL_Driver\Src\stm32g0xx_hal_pcd.c 0x00000000   Number         0  stm32g0xx_hal_pcd.o ABSOLUTE
    ..\Drivers\STM32G0xx_HAL_Driver\Src\stm32g0xx_hal_pcd_ex.c 0x00000000   Number         0  stm32g0xx_hal_pcd_ex.o ABSOLUTE
    ..\Drivers\STM32G0xx_HAL_Driver\Src\stm32g0xx_hal_pwr.c 0x00000000   Number         0  stm32g0xx_hal_pwr.o ABSOLUTE
    ..\Drivers\STM32G0xx_HAL_Driver\Src\stm32g0xx_hal_pwr_ex.c 0x00000000   Number         0  stm32g0xx_hal_pwr_ex.o ABSOLUTE
    ..\Drivers\STM32G0xx_HAL_Driver\Src\stm32g0xx_hal_rcc.c 0x00000000   Number         0  stm32g0xx_hal_rcc.o ABSOLUTE
    ..\Drivers\STM32G0xx_HAL_Driver\Src\stm32g0xx_hal_rcc_ex.c 0x00000000   Number         0  stm32g0xx_hal_rcc_ex.o ABSOLUTE
    ..\Drivers\STM32G0xx_HAL_Driver\Src\stm32g0xx_hal_rng.c 0x00000000   Number         0  stm32g0xx_hal_rng.o ABSOLUTE
    ..\Drivers\STM32G0xx_HAL_Driver\Src\stm32g0xx_hal_rtc.c 0x00000000   Number         0  stm32g0xx_hal_rtc.o ABSOLUTE
    ..\Drivers\STM32G0xx_HAL_Driver\Src\stm32g0xx_hal_rtc_ex.c 0x00000000   Number         0  stm32g0xx_hal_rtc_ex.o ABSOLUTE
    ..\Drivers\STM32G0xx_HAL_Driver\Src\stm32g0xx_hal_smartcard.c 0x00000000   Number         0  stm32g0xx_hal_smartcard.o ABSOLUTE
    ..\Drivers\STM32G0xx_HAL_Driver\Src\stm32g0xx_hal_smartcard_ex.c 0x00000000   Number         0  stm32g0xx_hal_smartcard_ex.o ABSOLUTE
    ..\Drivers\STM32G0xx_HAL_Driver\Src\stm32g0xx_hal_smbus.c 0x00000000   Number         0  stm32g0xx_hal_smbus.o ABSOLUTE
    ..\Drivers\STM32G0xx_HAL_Driver\Src\stm32g0xx_hal_spi.c 0x00000000   Number         0  stm32g0xx_hal_spi.o ABSOLUTE
    ..\Drivers\STM32G0xx_HAL_Driver\Src\stm32g0xx_hal_spi_ex.c 0x00000000   Number         0  stm32g0xx_hal_spi_ex.o ABSOLUTE
    ..\Drivers\STM32G0xx_HAL_Driver\Src\stm32g0xx_hal_tim.c 0x00000000   Number         0  stm32g0xx_hal_tim.o ABSOLUTE
    ..\Drivers\STM32G0xx_HAL_Driver\Src\stm32g0xx_hal_tim_ex.c 0x00000000   Number         0  stm32g0xx_hal_tim_ex.o ABSOLUTE
    ..\Drivers\STM32G0xx_HAL_Driver\Src\stm32g0xx_hal_uart.c 0x00000000   Number         0  stm32g0xx_hal_uart.o ABSOLUTE
    ..\Drivers\STM32G0xx_HAL_Driver\Src\stm32g0xx_hal_uart_ex.c 0x00000000   Number         0  stm32g0xx_hal_uart_ex.o ABSOLUTE
    ..\Drivers\STM32G0xx_HAL_Driver\Src\stm32g0xx_hal_usart.c 0x00000000   Number         0  stm32g0xx_hal_usart.o ABSOLUTE
    ..\Drivers\STM32G0xx_HAL_Driver\Src\stm32g0xx_hal_usart_ex.c 0x00000000   Number         0  stm32g0xx_hal_usart_ex.o ABSOLUTE
    ..\Drivers\STM32G0xx_HAL_Driver\Src\stm32g0xx_hal_wwdg.c 0x00000000   Number         0  stm32g0xx_hal_wwdg.o ABSOLUTE
    ..\FreeRTOS\port\MemMang\heap_4.c        0x00000000   Number         0  heap_4.o ABSOLUTE
    ..\FreeRTOS\port\RVDS\ARM_CM0\port.c     0x00000000   Number         0  port.o ABSOLUTE
    ..\FreeRTOS\src\croutine.c               0x00000000   Number         0  croutine.o ABSOLUTE
    ..\FreeRTOS\src\event_groups.c           0x00000000   Number         0  event_groups.o ABSOLUTE
    ..\FreeRTOS\src\list.c                   0x00000000   Number         0  list.o ABSOLUTE
    ..\FreeRTOS\src\queue.c                  0x00000000   Number         0  queue.o ABSOLUTE
    ..\FreeRTOS\src\tasks.c                  0x00000000   Number         0  tasks.o ABSOLUTE
    ..\FreeRTOS\src\timers.c                 0x00000000   Number         0  timers.o ABSOLUTE
    ..\Led\bsp_led.c                         0x00000000   Number         0  bsp_led.o ABSOLUTE
    ..\TM1668\sm1616_dev.c                   0x00000000   Number         0  sm1616_dev.o ABSOLUTE
    ..\TM1668\sm1616_drv.c                   0x00000000   Number         0  sm1616_drv.o ABSOLUTE
    ..\\APT8L16\\apt8l16.c                   0x00000000   Number         0  apt8l16.o ABSOLUTE
    ..\\Drivers\\STM32G0xx_HAL_Driver\\Src\\stm32g0xx_hal.c 0x00000000   Number         0  stm32g0xx_hal.o ABSOLUTE
    ..\\Drivers\\STM32G0xx_HAL_Driver\\Src\\stm32g0xx_hal_adc.c 0x00000000   Number         0  stm32g0xx_hal_adc.o ABSOLUTE
    ..\\Drivers\\STM32G0xx_HAL_Driver\\Src\\stm32g0xx_hal_adc_ex.c 0x00000000   Number         0  stm32g0xx_hal_adc_ex.o ABSOLUTE
    ..\\Drivers\\STM32G0xx_HAL_Driver\\Src\\stm32g0xx_hal_cec.c 0x00000000   Number         0  stm32g0xx_hal_cec.o ABSOLUTE
    ..\\Drivers\\STM32G0xx_HAL_Driver\\Src\\stm32g0xx_hal_comp.c 0x00000000   Number         0  stm32g0xx_hal_comp.o ABSOLUTE
    ..\\Drivers\\STM32G0xx_HAL_Driver\\Src\\stm32g0xx_hal_cortex.c 0x00000000   Number         0  stm32g0xx_hal_cortex.o ABSOLUTE
    ..\\Drivers\\STM32G0xx_HAL_Driver\\Src\\stm32g0xx_hal_crc.c 0x00000000   Number         0  stm32g0xx_hal_crc.o ABSOLUTE
    ..\\Drivers\\STM32G0xx_HAL_Driver\\Src\\stm32g0xx_hal_crc_ex.c 0x00000000   Number         0  stm32g0xx_hal_crc_ex.o ABSOLUTE
    ..\\Drivers\\STM32G0xx_HAL_Driver\\Src\\stm32g0xx_hal_cryp.c 0x00000000   Number         0  stm32g0xx_hal_cryp.o ABSOLUTE
    ..\\Drivers\\STM32G0xx_HAL_Driver\\Src\\stm32g0xx_hal_cryp_ex.c 0x00000000   Number         0  stm32g0xx_hal_cryp_ex.o ABSOLUTE
    ..\\Drivers\\STM32G0xx_HAL_Driver\\Src\\stm32g0xx_hal_dac.c 0x00000000   Number         0  stm32g0xx_hal_dac.o ABSOLUTE
    ..\\Drivers\\STM32G0xx_HAL_Driver\\Src\\stm32g0xx_hal_dac_ex.c 0x00000000   Number         0  stm32g0xx_hal_dac_ex.o ABSOLUTE
    ..\\Drivers\\STM32G0xx_HAL_Driver\\Src\\stm32g0xx_hal_dma.c 0x00000000   Number         0  stm32g0xx_hal_dma.o ABSOLUTE
    ..\\Drivers\\STM32G0xx_HAL_Driver\\Src\\stm32g0xx_hal_dma_ex.c 0x00000000   Number         0  stm32g0xx_hal_dma_ex.o ABSOLUTE
    ..\\Drivers\\STM32G0xx_HAL_Driver\\Src\\stm32g0xx_hal_exti.c 0x00000000   Number         0  stm32g0xx_hal_exti.o ABSOLUTE
    ..\\Drivers\\STM32G0xx_HAL_Driver\\Src\\stm32g0xx_hal_fdcan.c 0x00000000   Number         0  stm32g0xx_hal_fdcan.o ABSOLUTE
    ..\\Drivers\\STM32G0xx_HAL_Driver\\Src\\stm32g0xx_hal_flash.c 0x00000000   Number         0  stm32g0xx_hal_flash.o ABSOLUTE
    ..\\Drivers\\STM32G0xx_HAL_Driver\\Src\\stm32g0xx_hal_flash_ex.c 0x00000000   Number         0  stm32g0xx_hal_flash_ex.o ABSOLUTE
    ..\\Drivers\\STM32G0xx_HAL_Driver\\Src\\stm32g0xx_hal_gpio.c 0x00000000   Number         0  stm32g0xx_hal_gpio.o ABSOLUTE
    ..\\Drivers\\STM32G0xx_HAL_Driver\\Src\\stm32g0xx_hal_hcd.c 0x00000000   Number         0  stm32g0xx_hal_hcd.o ABSOLUTE
    ..\\Drivers\\STM32G0xx_HAL_Driver\\Src\\stm32g0xx_hal_i2c.c 0x00000000   Number         0  stm32g0xx_hal_i2c.o ABSOLUTE
    ..\\Drivers\\STM32G0xx_HAL_Driver\\Src\\stm32g0xx_hal_i2c_ex.c 0x00000000   Number         0  stm32g0xx_hal_i2c_ex.o ABSOLUTE
    ..\\Drivers\\STM32G0xx_HAL_Driver\\Src\\stm32g0xx_hal_i2s.c 0x00000000   Number         0  stm32g0xx_hal_i2s.o ABSOLUTE
    ..\\Drivers\\STM32G0xx_HAL_Driver\\Src\\stm32g0xx_hal_irda.c 0x00000000   Number         0  stm32g0xx_hal_irda.o ABSOLUTE
    ..\\Drivers\\STM32G0xx_HAL_Driver\\Src\\stm32g0xx_hal_iwdg.c 0x00000000   Number         0  stm32g0xx_hal_iwdg.o ABSOLUTE
    ..\\Drivers\\STM32G0xx_HAL_Driver\\Src\\stm32g0xx_hal_lptim.c 0x00000000   Number         0  stm32g0xx_hal_lptim.o ABSOLUTE
    ..\\Drivers\\STM32G0xx_HAL_Driver\\Src\\stm32g0xx_hal_pcd.c 0x00000000   Number         0  stm32g0xx_hal_pcd.o ABSOLUTE
    ..\\Drivers\\STM32G0xx_HAL_Driver\\Src\\stm32g0xx_hal_pcd_ex.c 0x00000000   Number         0  stm32g0xx_hal_pcd_ex.o ABSOLUTE
    ..\\Drivers\\STM32G0xx_HAL_Driver\\Src\\stm32g0xx_hal_pwr.c 0x00000000   Number         0  stm32g0xx_hal_pwr.o ABSOLUTE
    ..\\Drivers\\STM32G0xx_HAL_Driver\\Src\\stm32g0xx_hal_pwr_ex.c 0x00000000   Number         0  stm32g0xx_hal_pwr_ex.o ABSOLUTE
    ..\\Drivers\\STM32G0xx_HAL_Driver\\Src\\stm32g0xx_hal_rcc.c 0x00000000   Number         0  stm32g0xx_hal_rcc.o ABSOLUTE
    ..\\Drivers\\STM32G0xx_HAL_Driver\\Src\\stm32g0xx_hal_rcc_ex.c 0x00000000   Number         0  stm32g0xx_hal_rcc_ex.o ABSOLUTE
    ..\\Drivers\\STM32G0xx_HAL_Driver\\Src\\stm32g0xx_hal_rng.c 0x00000000   Number         0  stm32g0xx_hal_rng.o ABSOLUTE
    ..\\Drivers\\STM32G0xx_HAL_Driver\\Src\\stm32g0xx_hal_rtc.c 0x00000000   Number         0  stm32g0xx_hal_rtc.o ABSOLUTE
    ..\\Drivers\\STM32G0xx_HAL_Driver\\Src\\stm32g0xx_hal_rtc_ex.c 0x00000000   Number         0  stm32g0xx_hal_rtc_ex.o ABSOLUTE
    ..\\Drivers\\STM32G0xx_HAL_Driver\\Src\\stm32g0xx_hal_smartcard.c 0x00000000   Number         0  stm32g0xx_hal_smartcard.o ABSOLUTE
    ..\\Drivers\\STM32G0xx_HAL_Driver\\Src\\stm32g0xx_hal_smartcard_ex.c 0x00000000   Number         0  stm32g0xx_hal_smartcard_ex.o ABSOLUTE
    ..\\Drivers\\STM32G0xx_HAL_Driver\\Src\\stm32g0xx_hal_smbus.c 0x00000000   Number         0  stm32g0xx_hal_smbus.o ABSOLUTE
    ..\\Drivers\\STM32G0xx_HAL_Driver\\Src\\stm32g0xx_hal_spi.c 0x00000000   Number         0  stm32g0xx_hal_spi.o ABSOLUTE
    ..\\Drivers\\STM32G0xx_HAL_Driver\\Src\\stm32g0xx_hal_spi_ex.c 0x00000000   Number         0  stm32g0xx_hal_spi_ex.o ABSOLUTE
    ..\\Drivers\\STM32G0xx_HAL_Driver\\Src\\stm32g0xx_hal_tim.c 0x00000000   Number         0  stm32g0xx_hal_tim.o ABSOLUTE
    ..\\Drivers\\STM32G0xx_HAL_Driver\\Src\\stm32g0xx_hal_tim_ex.c 0x00000000   Number         0  stm32g0xx_hal_tim_ex.o ABSOLUTE
    ..\\Drivers\\STM32G0xx_HAL_Driver\\Src\\stm32g0xx_hal_uart.c 0x00000000   Number         0  stm32g0xx_hal_uart.o ABSOLUTE
    ..\\Drivers\\STM32G0xx_HAL_Driver\\Src\\stm32g0xx_hal_uart_ex.c 0x00000000   Number         0  stm32g0xx_hal_uart_ex.o ABSOLUTE
    ..\\Drivers\\STM32G0xx_HAL_Driver\\Src\\stm32g0xx_hal_usart.c 0x00000000   Number         0  stm32g0xx_hal_usart.o ABSOLUTE
    ..\\Drivers\\STM32G0xx_HAL_Driver\\Src\\stm32g0xx_hal_usart_ex.c 0x00000000   Number         0  stm32g0xx_hal_usart_ex.o ABSOLUTE
    ..\\Drivers\\STM32G0xx_HAL_Driver\\Src\\stm32g0xx_hal_wwdg.c 0x00000000   Number         0  stm32g0xx_hal_wwdg.o ABSOLUTE
    ..\\FreeRTOS\\port\\MemMang\\heap_4.c    0x00000000   Number         0  heap_4.o ABSOLUTE
    ..\\FreeRTOS\\port\\RVDS\\ARM_CM0\\port.c 0x00000000   Number         0  port.o ABSOLUTE
    ..\\FreeRTOS\\src\\croutine.c            0x00000000   Number         0  croutine.o ABSOLUTE
    ..\\FreeRTOS\\src\\event_groups.c        0x00000000   Number         0  event_groups.o ABSOLUTE
    ..\\FreeRTOS\\src\\list.c                0x00000000   Number         0  list.o ABSOLUTE
    ..\\FreeRTOS\\src\\queue.c               0x00000000   Number         0  queue.o ABSOLUTE
    ..\\FreeRTOS\\src\\tasks.c               0x00000000   Number         0  tasks.o ABSOLUTE
    ..\\FreeRTOS\\src\\timers.c              0x00000000   Number         0  timers.o ABSOLUTE
    ..\\Led\\bsp_led.c                       0x00000000   Number         0  bsp_led.o ABSOLUTE
    ..\\TM1668\\sm1616_dev.c                 0x00000000   Number         0  sm1616_dev.o ABSOLUTE
    ..\\TM1668\\sm1616_drv.c                 0x00000000   Number         0  sm1616_drv.o ABSOLUTE
    ..\\debug_uart\\debug_uart.c             0x00000000   Number         0  debug_uart.o ABSOLUTE
    ..\debug_uart\debug_uart.c               0x00000000   Number         0  debug_uart.o ABSOLUTE
    dc.s                                     0x00000000   Number         0  dc.o ABSOLUTE
    handlers.s                               0x00000000   Number         0  handlers.o ABSOLUTE
    init.s                                   0x00000000   Number         0  init.o ABSOLUTE
    startup_stm32g070xx.s                    0x00000000   Number         0  startup_stm32g070xx.o ABSOLUTE
    RESET                                    0x08000000   Section      184  startup_stm32g070xx.o(RESET)
    .ARM.Collect$$$$00000000                 0x080000b8   Section        0  entry.o(.ARM.Collect$$$$00000000)
    .ARM.Collect$$$$00000001                 0x080000b8   Section        4  entry2.o(.ARM.Collect$$$$00000001)
    .ARM.Collect$$$$00000004                 0x080000bc   Section        4  entry5.o(.ARM.Collect$$$$00000004)
    .ARM.Collect$$$$00000008                 0x080000c0   Section        0  entry7b.o(.ARM.Collect$$$$00000008)
    .ARM.Collect$$$$0000000A                 0x080000c0   Section        0  entry8b.o(.ARM.Collect$$$$0000000A)
    .ARM.Collect$$$$0000000B                 0x080000c0   Section        8  entry9a.o(.ARM.Collect$$$$0000000B)
    .ARM.Collect$$$$0000000D                 0x080000c8   Section        0  entry10a.o(.ARM.Collect$$$$0000000D)
    .ARM.Collect$$$$0000000F                 0x080000c8   Section        0  entry11a.o(.ARM.Collect$$$$0000000F)
    .ARM.Collect$$$$00002712                 0x080000c8   Section        4  entry2.o(.ARM.Collect$$$$00002712)
    __lit__00000000                          0x080000c8   Data           4  entry2.o(.ARM.Collect$$$$00002712)
    .emb_text                                0x080000cc   Section      120  port.o(.emb_text)
    .text                                    0x08000144   Section       28  startup_stm32g070xx.o(.text)
    .text                                    0x08000160   Section        0  uidiv.o(.text)
    .text                                    0x0800018c   Section        0  memseta.o(.text)
    .text                                    0x080001b0   Section       36  init.o(.text)
    i.APT8L16Init                            0x080001d4   Section        0  apt8l16.o(i.APT8L16Init)
    i.APT8L16_Creat_Task                     0x0800027c   Section        0  main.o(i.APT8L16_Creat_Task)
    APT8L16_Creat_Task                       0x0800027d   Thumb Code     2  main.o(i.APT8L16_Creat_Task)
    i.APT8L16_Task                           0x08000280   Section        0  main.o(i.APT8L16_Task)
    APT8L16_Task                             0x08000281   Thumb Code    36  main.o(i.APT8L16_Task)
    i.APTTouchRdOneData                      0x080002a8   Section        0  apt8l16.o(i.APTTouchRdOneData)
    i.APTTouchWrOneData                      0x08000338   Section        0  apt8l16.o(i.APTTouchWrOneData)
    i.AppTaskCreate                          0x0800036c   Section        0  main.o(i.AppTaskCreate)
    AppTaskCreate                            0x0800036d   Thumb Code   130  main.o(i.AppTaskCreate)
    i.HAL_GPIO_Init                          0x08000454   Section        0  stm32g0xx_hal_gpio.o(i.HAL_GPIO_Init)
    i.HAL_GPIO_ReadPin                       0x080005b0   Section        0  stm32g0xx_hal_gpio.o(i.HAL_GPIO_ReadPin)
    i.HAL_GPIO_WritePin                      0x080005ba   Section        0  stm32g0xx_hal_gpio.o(i.HAL_GPIO_WritePin)
    i.HAL_GetTick                            0x080005c8   Section        0  stm32g0xx_hal.o(i.HAL_GetTick)
    i.HAL_IncTick                            0x080005d4   Section        0  stm32g0xx_hal.o(i.HAL_IncTick)
    i.HAL_Init                               0x080005e4   Section        0  stm32g0xx_hal.o(i.HAL_Init)
    i.HAL_InitTick                           0x0800060c   Section        0  stm32g0xx_hal.o(i.HAL_InitTick)
    i.HAL_MspInit                            0x08000654   Section        0  stm32g0xx_hal_msp.o(i.HAL_MspInit)
    i.HAL_NVIC_SetPriority                   0x08000688   Section        0  stm32g0xx_hal_cortex.o(i.HAL_NVIC_SetPriority)
    i.HAL_PWREx_ControlVoltageScaling        0x08000690   Section        0  stm32g0xx_hal_pwr_ex.o(i.HAL_PWREx_ControlVoltageScaling)
    i.HAL_RCCEx_PeriphCLKConfig              0x080006dc   Section        0  stm32g0xx_hal_rcc_ex.o(i.HAL_RCCEx_PeriphCLKConfig)
    i.HAL_RCC_ClockConfig                    0x0800083c   Section        0  stm32g0xx_hal_rcc.o(i.HAL_RCC_ClockConfig)
    i.HAL_RCC_GetSysClockFreq                0x08000994   Section        0  stm32g0xx_hal_rcc.o(i.HAL_RCC_GetSysClockFreq)
    i.HAL_RCC_OscConfig                      0x08000a20   Section        0  stm32g0xx_hal_rcc.o(i.HAL_RCC_OscConfig)
    i.HAL_SYSCFG_StrobeDBattpinsConfig       0x08000e00   Section        0  stm32g0xx_hal.o(i.HAL_SYSCFG_StrobeDBattpinsConfig)
    i.HAL_SYSTICK_Config                     0x08000e14   Section        0  stm32g0xx_hal_cortex.o(i.HAL_SYSTICK_Config)
    i.HardFault_Handler                      0x08000e44   Section        0  stm32g0xx_it.o(i.HardFault_Handler)
    i.I2c_SendByte                           0x08000e48   Section        0  sm1616_drv.o(i.I2c_SendByte)
    I2c_SendByte                             0x08000e49   Thumb Code    88  sm1616_drv.o(i.I2c_SendByte)
    i.I2c_SendByte                           0x08000ea4   Section        0  apt8l16.o(i.I2c_SendByte)
    I2c_SendByte                             0x08000ea5   Thumb Code    94  apt8l16.o(i.I2c_SendByte)
    i.I2c_Start                              0x08000f08   Section        0  sm1616_drv.o(i.I2c_Start)
    I2c_Start                                0x08000f09   Thumb Code    86  sm1616_drv.o(i.I2c_Start)
    i.I2c_Start                              0x08000f64   Section        0  apt8l16.o(i.I2c_Start)
    I2c_Start                                0x08000f65   Thumb Code    90  apt8l16.o(i.I2c_Start)
    i.I2c_Stop                               0x08000fc4   Section        0  sm1616_drv.o(i.I2c_Stop)
    I2c_Stop                                 0x08000fc5   Thumb Code    58  sm1616_drv.o(i.I2c_Stop)
    i.I2c_Stop                               0x08001004   Section        0  apt8l16.o(i.I2c_Stop)
    I2c_Stop                                 0x08001005   Thumb Code    62  apt8l16.o(i.I2c_Stop)
    i.I2c_WaitAck                            0x08001048   Section        0  sm1616_drv.o(i.I2c_WaitAck)
    I2c_WaitAck                              0x08001049   Thumb Code    94  sm1616_drv.o(i.I2c_WaitAck)
    i.I2c_WaitAck                            0x080010ac   Section        0  apt8l16.o(i.I2c_WaitAck)
    I2c_WaitAck                              0x080010ad   Thumb Code    68  apt8l16.o(i.I2c_WaitAck)
    i.LED_GPIO_Config                        0x080010f4   Section        0  bsp_led.o(i.LED_GPIO_Config)
    i.LED_Task                               0x08001124   Section        0  main.o(i.LED_Task)
    LED_Task                                 0x08001125   Thumb Code    38  main.o(i.LED_Task)
    i.NMI_Handler                            0x0800114a   Section        0  stm32g0xx_it.o(i.NMI_Handler)
    i.SDA_In                                 0x0800114c   Section        0  apt8l16.o(i.SDA_In)
    SDA_In                                   0x0800114d   Thumb Code    38  apt8l16.o(i.SDA_In)
    i.SDA_Out                                0x08001178   Section        0  sm1616_drv.o(i.SDA_Out)
    SDA_Out                                  0x08001179   Thumb Code    40  sm1616_drv.o(i.SDA_Out)
    i.SDA_Out                                0x080011a4   Section        0  apt8l16.o(i.SDA_Out)
    SDA_Out                                  0x080011a5   Thumb Code    42  apt8l16.o(i.SDA_Out)
    i.SM1616_I2c_Init                        0x080011d4   Section        0  sm1616_drv.o(i.SM1616_I2c_Init)
    i.SM1616_I2c_Send_OneByte                0x08001230   Section        0  sm1616_drv.o(i.SM1616_I2c_Send_OneByte)
    i.SM1616_Task                            0x08001270   Section        0  main.o(i.SM1616_Task)
    SM1616_Task                              0x08001271   Thumb Code     8  main.o(i.SM1616_Task)
    i.SVC_Handler                            0x08001278   Section        0  port.o(i.SVC_Handler)
    i.SysTick_Handler                        0x0800127a   Section        0  stm32g0xx_it.o(i.SysTick_Handler)
    i.SystemClock_Config                     0x08001286   Section        0  main.o(i.SystemClock_Config)
    i.SystemInit                             0x080012fc   Section        0  system_stm32g0xx.o(i.SystemInit)
    i.__NVIC_SetPriority                     0x0800130c   Section        0  stm32g0xx_hal_cortex.o(i.__NVIC_SetPriority)
    __NVIC_SetPriority                       0x0800130d   Thumb Code    60  stm32g0xx_hal_cortex.o(i.__NVIC_SetPriority)
    i.__scatterload_copy                     0x08001350   Section       14  handlers.o(i.__scatterload_copy)
    i.__scatterload_null                     0x0800135e   Section        2  handlers.o(i.__scatterload_null)
    i.__scatterload_zeroinit                 0x08001360   Section       14  handlers.o(i.__scatterload_zeroinit)
    i.debug_uart_Task                        0x0800136e   Section        0  main.o(i.debug_uart_Task)
    debug_uart_Task                          0x0800136f   Thumb Code     8  main.o(i.debug_uart_Task)
    i.main                                   0x08001378   Section        0  main.o(i.main)
    i.prvAddCurrentTaskToDelayedList         0x080013c8   Section        0  tasks.o(i.prvAddCurrentTaskToDelayedList)
    prvAddCurrentTaskToDelayedList           0x080013c9   Thumb Code    78  tasks.o(i.prvAddCurrentTaskToDelayedList)
    i.prvAddNewTaskToReadyList               0x08001420   Section        0  tasks.o(i.prvAddNewTaskToReadyList)
    prvAddNewTaskToReadyList                 0x08001421   Thumb Code   176  tasks.o(i.prvAddNewTaskToReadyList)
    i.prvCheckTasksWaitingTermination        0x080014d8   Section        0  tasks.o(i.prvCheckTasksWaitingTermination)
    prvCheckTasksWaitingTermination          0x080014d9   Thumb Code    72  tasks.o(i.prvCheckTasksWaitingTermination)
    i.prvDeleteTCB                           0x08001528   Section        0  tasks.o(i.prvDeleteTCB)
    prvDeleteTCB                             0x08001529   Thumb Code    18  tasks.o(i.prvDeleteTCB)
    i.prvHeapInit                            0x0800153c   Section        0  heap_4.o(i.prvHeapInit)
    prvHeapInit                              0x0800153d   Thumb Code    60  heap_4.o(i.prvHeapInit)
    i.prvIdleTask                            0x08001580   Section        0  tasks.o(i.prvIdleTask)
    prvIdleTask                              0x08001581   Thumb Code    18  tasks.o(i.prvIdleTask)
    i.prvInitialiseNewTask                   0x08001598   Section        0  tasks.o(i.prvInitialiseNewTask)
    prvInitialiseNewTask                     0x08001599   Thumb Code   112  tasks.o(i.prvInitialiseNewTask)
    i.prvInsertBlockIntoFreeList             0x08001608   Section        0  heap_4.o(i.prvInsertBlockIntoFreeList)
    prvInsertBlockIntoFreeList               0x08001609   Thumb Code    72  heap_4.o(i.prvInsertBlockIntoFreeList)
    i.prvResetNextTaskUnblockTime            0x08001654   Section        0  tasks.o(i.prvResetNextTaskUnblockTime)
    prvResetNextTaskUnblockTime              0x08001655   Thumb Code    28  tasks.o(i.prvResetNextTaskUnblockTime)
    i.prvTaskExitError                       0x08001674   Section        0  port.o(i.prvTaskExitError)
    prvTaskExitError                         0x08001675   Thumb Code     4  port.o(i.prvTaskExitError)
    i.pvPortMalloc                           0x08001678   Section        0  heap_4.o(i.pvPortMalloc)
    i.pxPortInitialiseStack                  0x08001710   Section        0  port.o(i.pxPortInitialiseStack)
    i.uxListRemove                           0x08001730   Section        0  list.o(i.uxListRemove)
    i.vListInitialise                        0x08001754   Section        0  list.o(i.vListInitialise)
    i.vListInitialiseItem                    0x0800176a   Section        0  list.o(i.vListInitialiseItem)
    i.vListInsert                            0x08001770   Section        0  list.o(i.vListInsert)
    i.vListInsertEnd                         0x080017a0   Section        0  list.o(i.vListInsertEnd)
    i.vPortEnterCritical                     0x080017b8   Section        0  port.o(i.vPortEnterCritical)
    i.vPortExitCritical                      0x080017d0   Section        0  port.o(i.vPortExitCritical)
    i.vPortFree                              0x080017e4   Section        0  heap_4.o(i.vPortFree)
    i.vPortYield                             0x08001820   Section        0  port.o(i.vPortYield)
    i.vTaskDelay                             0x08001838   Section        0  tasks.o(i.vTaskDelay)
    i.vTaskDelete                            0x08001858   Section        0  tasks.o(i.vTaskDelete)
    i.vTaskStartScheduler                    0x080018c8   Section        0  tasks.o(i.vTaskStartScheduler)
    i.vTaskSuspendAll                        0x0800190c   Section        0  tasks.o(i.vTaskSuspendAll)
    i.vTaskSwitchContext                     0x0800191c   Section        0  tasks.o(i.vTaskSwitchContext)
    i.xPortStartScheduler                    0x0800196c   Section        0  port.o(i.xPortStartScheduler)
    i.xPortSysTickHandler                    0x080019ac   Section        0  port.o(i.xPortSysTickHandler)
    i.xTaskCreate                            0x080019d0   Section        0  tasks.o(i.xTaskCreate)
    i.xTaskIncrementTick                     0x08001a20   Section        0  tasks.o(i.xTaskIncrementTick)
    i.xTaskResumeAll                         0x08001ad0   Section        0  tasks.o(i.xTaskResumeAll)
    .constdata                               0x08001b70   Section       64  system_stm32g0xx.o(.constdata)
    .data                                    0x20000000   Section       28  main.o(.data)
    AppTaskCreate_Handle                     0x20000004   Data           4  main.o(.data)
    LED_Task_Handle                          0x20000008   Data           4  main.o(.data)
    SM1616_Task_Handle                       0x2000000c   Data           4  main.o(.data)
    APT8L16_Task_Handle                      0x20000010   Data           4  main.o(.data)
    dubug_uart_Task_Handle                   0x20000014   Data           4  main.o(.data)
    APT8L16_Creat_Task_Handle                0x20000018   Data           4  main.o(.data)
    .data                                    0x2000001c   Section       12  stm32g0xx_hal.o(.data)
    .data                                    0x20000028   Section        4  system_stm32g0xx.o(.data)
    .data                                    0x2000002c   Section       60  tasks.o(.data)
    uxDeletedTasksWaitingCleanUp             0x20000030   Data           4  tasks.o(.data)
    uxCurrentNumberOfTasks                   0x20000034   Data           4  tasks.o(.data)
    xTickCount                               0x20000038   Data           4  tasks.o(.data)
    uxTopReadyPriority                       0x2000003c   Data           4  tasks.o(.data)
    xSchedulerRunning                        0x20000040   Data           4  tasks.o(.data)
    uxPendedTicks                            0x20000044   Data           4  tasks.o(.data)
    xYieldPending                            0x20000048   Data           4  tasks.o(.data)
    xNumOfOverflows                          0x2000004c   Data           4  tasks.o(.data)
    uxTaskNumber                             0x20000050   Data           4  tasks.o(.data)
    xNextTaskUnblockTime                     0x20000054   Data           4  tasks.o(.data)
    xIdleTaskHandle                          0x20000058   Data           4  tasks.o(.data)
    uxSchedulerSuspended                     0x2000005c   Data           4  tasks.o(.data)
    pxDelayedTaskList                        0x20000060   Data           4  tasks.o(.data)
    pxOverflowDelayedTaskList                0x20000064   Data           4  tasks.o(.data)
    .data                                    0x20000068   Section       24  heap_4.o(.data)
    pxEnd                                    0x20000068   Data           4  heap_4.o(.data)
    xFreeBytesRemaining                      0x2000006c   Data           4  heap_4.o(.data)
    xMinimumEverFreeBytesRemaining           0x20000070   Data           4  heap_4.o(.data)
    xBlockAllocatedBit                       0x20000074   Data           4  heap_4.o(.data)
    xStart                                   0x20000078   Data           8  heap_4.o(.data)
    .data                                    0x20000080   Section        4  port.o(.data)
    uxCriticalNesting                        0x20000080   Data           4  port.o(.data)
    .data                                    0x20000084   Section       30  apt8l16.o(.data)
    .bss                                     0x200000a4   Section      200  tasks.o(.bss)
    pxReadyTasksLists                        0x200000a4   Data         100  tasks.o(.bss)
    xDelayedTaskList1                        0x20000108   Data          20  tasks.o(.bss)
    xDelayedTaskList2                        0x2000011c   Data          20  tasks.o(.bss)
    xPendingReadyList                        0x20000130   Data          20  tasks.o(.bss)
    xTasksWaitingTermination                 0x20000144   Data          20  tasks.o(.bss)
    xSuspendedTaskList                       0x20000158   Data          20  tasks.o(.bss)
    .bss                                     0x2000016c   Section    17408  heap_4.o(.bss)
    ucHeap                                   0x2000016c   Data       17408  heap_4.o(.bss)
    .bss                                     0x2000456c   Section       20  bsp_led.o(.bss)
    GPIO_InitStruct                          0x2000456c   Data          20  bsp_led.o(.bss)
    STACK                                    0x20004580   Section     1024  startup_stm32g070xx.o(STACK)

    Global Symbols

    Symbol Name                              Value     Ov Type        Size  Object(Section)

    BuildAttributes$$THM_ISAv3M$S$PE$A:L22$X:L11$S22$IEEE1$IW$USESV6$~STKCKD$USESV7$~SHL$OSPACE$EBA8$MICROLIB$REQ8$PRES8$EABIv2 0x00000000   Number         0  anon$$obj.o ABSOLUTE
    __ARM_use_no_argv                        0x00000000   Number         0  main.o ABSOLUTE
    __cpp_initialize__aeabi_                  - Undefined Weak Reference
    __cxa_finalize                            - Undefined Weak Reference
    __decompress                              - Undefined Weak Reference
    _clock_init                               - Undefined Weak Reference
    _microlib_exit                            - Undefined Weak Reference
    __Vectors_Size                           0x000000b8   Number         0  startup_stm32g070xx.o ABSOLUTE
    __Vectors                                0x08000000   Data           4  startup_stm32g070xx.o(RESET)
    __Vectors_End                            0x080000b8   Data           0  startup_stm32g070xx.o(RESET)
    __main                                   0x080000b9   Thumb Code     0  entry.o(.ARM.Collect$$$$00000000)
    _main_stk                                0x080000b9   Thumb Code     0  entry2.o(.ARM.Collect$$$$00000001)
    _main_scatterload                        0x080000bd   Thumb Code     0  entry5.o(.ARM.Collect$$$$00000004)
    __main_after_scatterload                 0x080000c1   Thumb Code     0  entry5.o(.ARM.Collect$$$$00000004)
    _main_clock                              0x080000c1   Thumb Code     0  entry7b.o(.ARM.Collect$$$$00000008)
    _main_cpp_init                           0x080000c1   Thumb Code     0  entry8b.o(.ARM.Collect$$$$0000000A)
    _main_init                               0x080000c1   Thumb Code     0  entry9a.o(.ARM.Collect$$$$0000000B)
    __rt_final_cpp                           0x080000c9   Thumb Code     0  entry10a.o(.ARM.Collect$$$$0000000D)
    __rt_final_exit                          0x080000c9   Thumb Code     0  entry11a.o(.ARM.Collect$$$$0000000F)
    __asm___6_port_c_39a90d8d__prvPortStartFirstTask 0x080000cd   Thumb Code    36  port.o(.emb_text)
    ulSetInterruptMaskFromISR                0x080000f5   Thumb Code     8  port.o(.emb_text)
    vClearInterruptMaskFromISR               0x080000fd   Thumb Code     6  port.o(.emb_text)
    PendSV_Handler                           0x08000103   Thumb Code    62  port.o(.emb_text)
    Reset_Handler                            0x08000145   Thumb Code     8  startup_stm32g070xx.o(.text)
    ADC1_IRQHandler                          0x08000157   Thumb Code     0  startup_stm32g070xx.o(.text)
    DMA1_Ch4_7_DMAMUX1_OVR_IRQHandler        0x08000157   Thumb Code     0  startup_stm32g070xx.o(.text)
    DMA1_Channel1_IRQHandler                 0x08000157   Thumb Code     0  startup_stm32g070xx.o(.text)
    DMA1_Channel2_3_IRQHandler               0x08000157   Thumb Code     0  startup_stm32g070xx.o(.text)
    EXTI0_1_IRQHandler                       0x08000157   Thumb Code     0  startup_stm32g070xx.o(.text)
    EXTI2_3_IRQHandler                       0x08000157   Thumb Code     0  startup_stm32g070xx.o(.text)
    EXTI4_15_IRQHandler                      0x08000157   Thumb Code     0  startup_stm32g070xx.o(.text)
    FLASH_IRQHandler                         0x08000157   Thumb Code     0  startup_stm32g070xx.o(.text)
    I2C1_IRQHandler                          0x08000157   Thumb Code     0  startup_stm32g070xx.o(.text)
    I2C2_IRQHandler                          0x08000157   Thumb Code     0  startup_stm32g070xx.o(.text)
    RCC_IRQHandler                           0x08000157   Thumb Code     0  startup_stm32g070xx.o(.text)
    RTC_TAMP_IRQHandler                      0x08000157   Thumb Code     0  startup_stm32g070xx.o(.text)
    SPI1_IRQHandler                          0x08000157   Thumb Code     0  startup_stm32g070xx.o(.text)
    SPI2_IRQHandler                          0x08000157   Thumb Code     0  startup_stm32g070xx.o(.text)
    TIM14_IRQHandler                         0x08000157   Thumb Code     0  startup_stm32g070xx.o(.text)
    TIM15_IRQHandler                         0x08000157   Thumb Code     0  startup_stm32g070xx.o(.text)
    TIM16_IRQHandler                         0x08000157   Thumb Code     0  startup_stm32g070xx.o(.text)
    TIM17_IRQHandler                         0x08000157   Thumb Code     0  startup_stm32g070xx.o(.text)
    TIM1_BRK_UP_TRG_COM_IRQHandler           0x08000157   Thumb Code     0  startup_stm32g070xx.o(.text)
    TIM1_CC_IRQHandler                       0x08000157   Thumb Code     0  startup_stm32g070xx.o(.text)
    TIM3_IRQHandler                          0x08000157   Thumb Code     0  startup_stm32g070xx.o(.text)
    TIM6_IRQHandler                          0x08000157   Thumb Code     0  startup_stm32g070xx.o(.text)
    TIM7_IRQHandler                          0x08000157   Thumb Code     0  startup_stm32g070xx.o(.text)
    USART1_IRQHandler                        0x08000157   Thumb Code     0  startup_stm32g070xx.o(.text)
    USART2_IRQHandler                        0x08000157   Thumb Code     0  startup_stm32g070xx.o(.text)
    USART3_4_IRQHandler                      0x08000157   Thumb Code     0  startup_stm32g070xx.o(.text)
    WWDG_IRQHandler                          0x08000157   Thumb Code     0  startup_stm32g070xx.o(.text)
    __aeabi_uidiv                            0x08000161   Thumb Code     0  uidiv.o(.text)
    __aeabi_uidivmod                         0x08000161   Thumb Code    44  uidiv.o(.text)
    __aeabi_memset                           0x0800018d   Thumb Code    14  memseta.o(.text)
    __aeabi_memset4                          0x0800018d   Thumb Code     0  memseta.o(.text)
    __aeabi_memset8                          0x0800018d   Thumb Code     0  memseta.o(.text)
    __aeabi_memclr                           0x0800019b   Thumb Code     4  memseta.o(.text)
    __aeabi_memclr4                          0x0800019b   Thumb Code     0  memseta.o(.text)
    __aeabi_memclr8                          0x0800019b   Thumb Code     0  memseta.o(.text)
    _memset$wrapper                          0x0800019f   Thumb Code    18  memseta.o(.text)
    __scatterload                            0x080001b1   Thumb Code    28  init.o(.text)
    __scatterload_rt2                        0x080001b1   Thumb Code     0  init.o(.text)
    APT8L16Init                              0x080001d5   Thumb Code   154  apt8l16.o(i.APT8L16Init)
    APTTouchRdOneData                        0x080002a9   Thumb Code   140  apt8l16.o(i.APTTouchRdOneData)
    APTTouchWrOneData                        0x08000339   Thumb Code    50  apt8l16.o(i.APTTouchWrOneData)
    HAL_GPIO_Init                            0x08000455   Thumb Code   330  stm32g0xx_hal_gpio.o(i.HAL_GPIO_Init)
    HAL_GPIO_ReadPin                         0x080005b1   Thumb Code    10  stm32g0xx_hal_gpio.o(i.HAL_GPIO_ReadPin)
    HAL_GPIO_WritePin                        0x080005bb   Thumb Code    12  stm32g0xx_hal_gpio.o(i.HAL_GPIO_WritePin)
    HAL_GetTick                              0x080005c9   Thumb Code     6  stm32g0xx_hal.o(i.HAL_GetTick)
    HAL_IncTick                              0x080005d5   Thumb Code    12  stm32g0xx_hal.o(i.HAL_IncTick)
    HAL_Init                                 0x080005e5   Thumb Code    36  stm32g0xx_hal.o(i.HAL_Init)
    HAL_InitTick                             0x0800060d   Thumb Code    64  stm32g0xx_hal.o(i.HAL_InitTick)
    HAL_MspInit                              0x08000655   Thumb Code    46  stm32g0xx_hal_msp.o(i.HAL_MspInit)
    HAL_NVIC_SetPriority                     0x08000689   Thumb Code     8  stm32g0xx_hal_cortex.o(i.HAL_NVIC_SetPriority)
    HAL_PWREx_ControlVoltageScaling          0x08000691   Thumb Code    62  stm32g0xx_hal_pwr_ex.o(i.HAL_PWREx_ControlVoltageScaling)
    HAL_RCCEx_PeriphCLKConfig                0x080006dd   Thumb Code   338  stm32g0xx_hal_rcc_ex.o(i.HAL_RCCEx_PeriphCLKConfig)
    HAL_RCC_ClockConfig                      0x0800083d   Thumb Code   318  stm32g0xx_hal_rcc.o(i.HAL_RCC_ClockConfig)
    HAL_RCC_GetSysClockFreq                  0x08000995   Thumb Code   130  stm32g0xx_hal_rcc.o(i.HAL_RCC_GetSysClockFreq)
    HAL_RCC_OscConfig                        0x08000a21   Thumb Code   954  stm32g0xx_hal_rcc.o(i.HAL_RCC_OscConfig)
    HAL_SYSCFG_StrobeDBattpinsConfig         0x08000e01   Thumb Code    16  stm32g0xx_hal.o(i.HAL_SYSCFG_StrobeDBattpinsConfig)
    HAL_SYSTICK_Config                       0x08000e15   Thumb Code    38  stm32g0xx_hal_cortex.o(i.HAL_SYSTICK_Config)
    HardFault_Handler                        0x08000e45   Thumb Code     2  stm32g0xx_it.o(i.HardFault_Handler)
    LED_GPIO_Config                          0x080010f5   Thumb Code    40  bsp_led.o(i.LED_GPIO_Config)
    NMI_Handler                              0x0800114b   Thumb Code     2  stm32g0xx_it.o(i.NMI_Handler)
    SM1616_I2c_Init                          0x080011d5   Thumb Code    82  sm1616_drv.o(i.SM1616_I2c_Init)
    SM1616_I2c_Send_OneByte                  0x08001231   Thumb Code    64  sm1616_drv.o(i.SM1616_I2c_Send_OneByte)
    SVC_Handler                              0x08001279   Thumb Code     2  port.o(i.SVC_Handler)
    SysTick_Handler                          0x0800127b   Thumb Code    12  stm32g0xx_it.o(i.SysTick_Handler)
    SystemClock_Config                       0x08001287   Thumb Code   118  main.o(i.SystemClock_Config)
    SystemInit                               0x080012fd   Thumb Code    10  system_stm32g0xx.o(i.SystemInit)
    __scatterload_copy                       0x08001351   Thumb Code    14  handlers.o(i.__scatterload_copy)
    __scatterload_null                       0x0800135f   Thumb Code     2  handlers.o(i.__scatterload_null)
    __scatterload_zeroinit                   0x08001361   Thumb Code    14  handlers.o(i.__scatterload_zeroinit)
    main                                     0x08001379   Thumb Code    54  main.o(i.main)
    pvPortMalloc                             0x08001679   Thumb Code   148  heap_4.o(i.pvPortMalloc)
    pxPortInitialiseStack                    0x08001711   Thumb Code    28  port.o(i.pxPortInitialiseStack)
    uxListRemove                             0x08001731   Thumb Code    36  list.o(i.uxListRemove)
    vListInitialise                          0x08001755   Thumb Code    22  list.o(i.vListInitialise)
    vListInitialiseItem                      0x0800176b   Thumb Code     6  list.o(i.vListInitialiseItem)
    vListInsert                              0x08001771   Thumb Code    48  list.o(i.vListInsert)
    vListInsertEnd                           0x080017a1   Thumb Code    24  list.o(i.vListInsertEnd)
    vPortEnterCritical                       0x080017b9   Thumb Code    20  port.o(i.vPortEnterCritical)
    vPortExitCritical                        0x080017d1   Thumb Code    14  port.o(i.vPortExitCritical)
    vPortFree                                0x080017e5   Thumb Code    54  heap_4.o(i.vPortFree)
    vPortYield                               0x08001821   Thumb Code    18  port.o(i.vPortYield)
    vTaskDelay                               0x08001839   Thumb Code    32  tasks.o(i.vTaskDelay)
    vTaskDelete                              0x08001859   Thumb Code   102  tasks.o(i.vTaskDelete)
    vTaskStartScheduler                      0x080018c9   Thumb Code    50  tasks.o(i.vTaskStartScheduler)
    vTaskSuspendAll                          0x0800190d   Thumb Code    10  tasks.o(i.vTaskSuspendAll)
    vTaskSwitchContext                       0x0800191d   Thumb Code    70  tasks.o(i.vTaskSwitchContext)
    xPortStartScheduler                      0x0800196d   Thumb Code    46  port.o(i.xPortStartScheduler)
    xPortSysTickHandler                      0x080019ad   Thumb Code    32  port.o(i.xPortSysTickHandler)
    xTaskCreate                              0x080019d1   Thumb Code    78  tasks.o(i.xTaskCreate)
    xTaskIncrementTick                       0x08001a21   Thumb Code   168  tasks.o(i.xTaskIncrementTick)
    xTaskResumeAll                           0x08001ad1   Thumb Code   152  tasks.o(i.xTaskResumeAll)
    AHBPrescTable                            0x08001b70   Data          64  system_stm32g0xx.o(.constdata)
    Region$$Table$$Base                      0x08001bb0   Number         0  anon$$obj.o(Region$$Table)
    Region$$Table$$Limit                     0x08001bd0   Number         0  anon$$obj.o(Region$$Table)
    receive1                                 0x20000000   Data           1  main.o(.data)
    uwTickFreq                               0x2000001c   Data           1  stm32g0xx_hal.o(.data)
    uwTickPrio                               0x20000020   Data           4  stm32g0xx_hal.o(.data)
    uwTick                                   0x20000024   Data           4  stm32g0xx_hal.o(.data)
    SystemCoreClock                          0x20000028   Data           4  system_stm32g0xx.o(.data)
    pxCurrentTCB                             0x2000002c   Data           4  tasks.o(.data)
    arr_APTRegData                           0x20000084   Data          14  apt8l16.o(.data)
    arr_T_Sens                               0x20000092   Data          16  apt8l16.o(.data)
    __initial_sp                             0x20004980   Data           0  startup_stm32g070xx.o(STACK)



==============================================================================

Memory Map of the image

  Image Entry point : 0x080000b9

  Load Region LR_IROM1 (Base: 0x08000000, Size: 0x00001c74, Max: 0x00020000, ABSOLUTE)

    Execution Region ER_IROM1 (Exec base: 0x08000000, Load base: 0x08000000, Size: 0x00001bd0, Max: 0x00020000, ABSOLUTE)

    Exec Addr    Load Addr    Size         Type   Attr      Idx    E Section Name        Object

    0x08000000   0x08000000   0x000000b8   Data   RO            3    RESET               startup_stm32g070xx.o
    0x080000b8   0x080000b8   0x00000000   Code   RO         3310  * .ARM.Collect$$$$00000000  mc_p.l(entry.o)
    0x080000b8   0x080000b8   0x00000004   Code   RO         3321    .ARM.Collect$$$$00000001  mc_p.l(entry2.o)
    0x080000bc   0x080000bc   0x00000004   Code   RO         3324    .ARM.Collect$$$$00000004  mc_p.l(entry5.o)
    0x080000c0   0x080000c0   0x00000000   Code   RO         3326    .ARM.Collect$$$$00000008  mc_p.l(entry7b.o)
    0x080000c0   0x080000c0   0x00000000   Code   RO         3328    .ARM.Collect$$$$0000000A  mc_p.l(entry8b.o)
    0x080000c0   0x080000c0   0x00000008   Code   RO         3329    .ARM.Collect$$$$0000000B  mc_p.l(entry9a.o)
    0x080000c8   0x080000c8   0x00000000   Code   RO         3331    .ARM.Collect$$$$0000000D  mc_p.l(entry10a.o)
    0x080000c8   0x080000c8   0x00000000   Code   RO         3333    .ARM.Collect$$$$0000000F  mc_p.l(entry11a.o)
    0x080000c8   0x080000c8   0x00000004   Code   RO         3322    .ARM.Collect$$$$00002712  mc_p.l(entry2.o)
    0x080000cc   0x080000cc   0x00000078   Code   RO         3022    .emb_text           port.o
    0x08000144   0x08000144   0x0000001c   Code   RO            4    .text               startup_stm32g070xx.o
    0x08000160   0x08000160   0x0000002c   Code   RO         3313    .text               mc_p.l(uidiv.o)
    0x0800018c   0x0800018c   0x00000024   Code   RO         3317    .text               mc_p.l(memseta.o)
    0x080001b0   0x080001b0   0x00000024   Code   RO         3335    .text               mc_p.l(init.o)
    0x080001d4   0x080001d4   0x000000a8   Code   RO         3206    i.APT8L16Init       apt8l16.o
    0x0800027c   0x0800027c   0x00000002   Code   RO           12    i.APT8L16_Creat_Task  main.o
    0x0800027e   0x0800027e   0x00000002   PAD
    0x08000280   0x08000280   0x00000028   Code   RO           13    i.APT8L16_Task      main.o
    0x080002a8   0x080002a8   0x00000090   Code   RO         3208    i.APTTouchRdOneData  apt8l16.o
    0x08000338   0x08000338   0x00000032   Code   RO         3209    i.APTTouchWrOneData  apt8l16.o
    0x0800036a   0x0800036a   0x00000002   PAD
    0x0800036c   0x0800036c   0x000000e8   Code   RO           14    i.AppTaskCreate     main.o
    0x08000454   0x08000454   0x0000015c   Code   RO         1138    i.HAL_GPIO_Init     stm32g0xx_hal_gpio.o
    0x080005b0   0x080005b0   0x0000000a   Code   RO         1140    i.HAL_GPIO_ReadPin  stm32g0xx_hal_gpio.o
    0x080005ba   0x080005ba   0x0000000c   Code   RO         1142    i.HAL_GPIO_WritePin  stm32g0xx_hal_gpio.o
    0x080005c6   0x080005c6   0x00000002   PAD
    0x080005c8   0x080005c8   0x0000000c   Code   RO          287    i.HAL_GetTick       stm32g0xx_hal.o
    0x080005d4   0x080005d4   0x00000010   Code   RO          293    i.HAL_IncTick       stm32g0xx_hal.o
    0x080005e4   0x080005e4   0x00000028   Code   RO          294    i.HAL_Init          stm32g0xx_hal.o
    0x0800060c   0x0800060c   0x00000048   Code   RO          295    i.HAL_InitTick      stm32g0xx_hal.o
    0x08000654   0x08000654   0x00000034   Code   RO          258    i.HAL_MspInit       stm32g0xx_hal_msp.o
    0x08000688   0x08000688   0x00000008   Code   RO          531    i.HAL_NVIC_SetPriority  stm32g0xx_hal_cortex.o
    0x08000690   0x08000690   0x0000004c   Code   RO         1414    i.HAL_PWREx_ControlVoltageScaling  stm32g0xx_hal_pwr_ex.o
    0x080006dc   0x080006dc   0x00000160   Code   RO         1635    i.HAL_RCCEx_PeriphCLKConfig  stm32g0xx_hal_rcc_ex.o
    0x0800083c   0x0800083c   0x00000158   Code   RO         1525    i.HAL_RCC_ClockConfig  stm32g0xx_hal_rcc.o
    0x08000994   0x08000994   0x0000008c   Code   RO         1534    i.HAL_RCC_GetSysClockFreq  stm32g0xx_hal_rcc.o
    0x08000a20   0x08000a20   0x000003e0   Code   RO         1538    i.HAL_RCC_OscConfig  stm32g0xx_hal_rcc.o
    0x08000e00   0x08000e00   0x00000014   Code   RO          303    i.HAL_SYSCFG_StrobeDBattpinsConfig  stm32g0xx_hal.o
    0x08000e14   0x08000e14   0x00000030   Code   RO          535    i.HAL_SYSTICK_Config  stm32g0xx_hal_cortex.o
    0x08000e44   0x08000e44   0x00000002   Code   RO          223    i.HardFault_Handler  stm32g0xx_it.o
    0x08000e46   0x08000e46   0x00000002   PAD
    0x08000e48   0x08000e48   0x0000005c   Code   RO         3116    i.I2c_SendByte      sm1616_drv.o
    0x08000ea4   0x08000ea4   0x00000064   Code   RO         3210    i.I2c_SendByte      apt8l16.o
    0x08000f08   0x08000f08   0x0000005c   Code   RO         3117    i.I2c_Start         sm1616_drv.o
    0x08000f64   0x08000f64   0x00000060   Code   RO         3211    i.I2c_Start         apt8l16.o
    0x08000fc4   0x08000fc4   0x00000040   Code   RO         3118    i.I2c_Stop          sm1616_drv.o
    0x08001004   0x08001004   0x00000044   Code   RO         3213    i.I2c_Stop          apt8l16.o
    0x08001048   0x08001048   0x00000064   Code   RO         3119    i.I2c_WaitAck       sm1616_drv.o
    0x080010ac   0x080010ac   0x00000048   Code   RO         3214    i.I2c_WaitAck       apt8l16.o
    0x080010f4   0x080010f4   0x00000030   Code   RO         3095    i.LED_GPIO_Config   bsp_led.o
    0x08001124   0x08001124   0x00000026   Code   RO           16    i.LED_Task          main.o
    0x0800114a   0x0800114a   0x00000002   Code   RO          224    i.NMI_Handler       stm32g0xx_it.o
    0x0800114c   0x0800114c   0x0000002c   Code   RO         3215    i.SDA_In            apt8l16.o
    0x08001178   0x08001178   0x0000002c   Code   RO         3120    i.SDA_Out           sm1616_drv.o
    0x080011a4   0x080011a4   0x00000030   Code   RO         3216    i.SDA_Out           apt8l16.o
    0x080011d4   0x080011d4   0x0000005c   Code   RO         3121    i.SM1616_I2c_Init   sm1616_drv.o
    0x08001230   0x08001230   0x00000040   Code   RO         3123    i.SM1616_I2c_Send_OneByte  sm1616_drv.o
    0x08001270   0x08001270   0x00000008   Code   RO           17    i.SM1616_Task       main.o
    0x08001278   0x08001278   0x00000002   Code   RO         3023    i.SVC_Handler       port.o
    0x0800127a   0x0800127a   0x0000000c   Code   RO          225    i.SysTick_Handler   stm32g0xx_it.o
    0x08001286   0x08001286   0x00000076   Code   RO           18    i.SystemClock_Config  main.o
    0x080012fc   0x080012fc   0x00000010   Code   RO         2381    i.SystemInit        system_stm32g0xx.o
    0x0800130c   0x0800130c   0x00000044   Code   RO          537    i.__NVIC_SetPriority  stm32g0xx_hal_cortex.o
    0x08001350   0x08001350   0x0000000e   Code   RO         3339    i.__scatterload_copy  mc_p.l(handlers.o)
    0x0800135e   0x0800135e   0x00000002   Code   RO         3340    i.__scatterload_null  mc_p.l(handlers.o)
    0x08001360   0x08001360   0x0000000e   Code   RO         3341    i.__scatterload_zeroinit  mc_p.l(handlers.o)
    0x0800136e   0x0800136e   0x00000008   Code   RO           19    i.debug_uart_Task   main.o
    0x08001376   0x08001376   0x00000002   PAD
    0x08001378   0x08001378   0x00000050   Code   RO           20    i.main              main.o
    0x080013c8   0x080013c8   0x00000058   Code   RO         2688    i.prvAddCurrentTaskToDelayedList  tasks.o
    0x08001420   0x08001420   0x000000b8   Code   RO         2689    i.prvAddNewTaskToReadyList  tasks.o
    0x080014d8   0x080014d8   0x00000050   Code   RO         2690    i.prvCheckTasksWaitingTermination  tasks.o
    0x08001528   0x08001528   0x00000012   Code   RO         2691    i.prvDeleteTCB      tasks.o
    0x0800153a   0x0800153a   0x00000002   PAD
    0x0800153c   0x0800153c   0x00000044   Code   RO         2965    i.prvHeapInit       heap_4.o
    0x08001580   0x08001580   0x00000018   Code   RO         2692    i.prvIdleTask       tasks.o
    0x08001598   0x08001598   0x00000070   Code   RO         2693    i.prvInitialiseNewTask  tasks.o
    0x08001608   0x08001608   0x0000004c   Code   RO         2966    i.prvInsertBlockIntoFreeList  heap_4.o
    0x08001654   0x08001654   0x00000020   Code   RO         2694    i.prvResetNextTaskUnblockTime  tasks.o
    0x08001674   0x08001674   0x00000004   Code   RO         3024    i.prvTaskExitError  port.o
    0x08001678   0x08001678   0x00000098   Code   RO         2967    i.pvPortMalloc      heap_4.o
    0x08001710   0x08001710   0x00000020   Code   RO         3025    i.pxPortInitialiseStack  port.o
    0x08001730   0x08001730   0x00000024   Code   RO         2519    i.uxListRemove      list.o
    0x08001754   0x08001754   0x00000016   Code   RO         2520    i.vListInitialise   list.o
    0x0800176a   0x0800176a   0x00000006   Code   RO         2521    i.vListInitialiseItem  list.o
    0x08001770   0x08001770   0x00000030   Code   RO         2522    i.vListInsert       list.o
    0x080017a0   0x080017a0   0x00000018   Code   RO         2523    i.vListInsertEnd    list.o
    0x080017b8   0x080017b8   0x00000018   Code   RO         3027    i.vPortEnterCritical  port.o
    0x080017d0   0x080017d0   0x00000014   Code   RO         3028    i.vPortExitCritical  port.o
    0x080017e4   0x080017e4   0x0000003c   Code   RO         2968    i.vPortFree         heap_4.o
    0x08001820   0x08001820   0x00000018   Code   RO         3029    i.vPortYield        port.o
    0x08001838   0x08001838   0x00000020   Code   RO         2701    i.vTaskDelay        tasks.o
    0x08001858   0x08001858   0x00000070   Code   RO         2703    i.vTaskDelete       tasks.o
    0x080018c8   0x080018c8   0x00000044   Code   RO         2712    i.vTaskStartScheduler  tasks.o
    0x0800190c   0x0800190c   0x00000010   Code   RO         2714    i.vTaskSuspendAll   tasks.o
    0x0800191c   0x0800191c   0x00000050   Code   RO         2715    i.vTaskSwitchContext  tasks.o
    0x0800196c   0x0800196c   0x00000040   Code   RO         3030    i.xPortStartScheduler  port.o
    0x080019ac   0x080019ac   0x00000024   Code   RO         3031    i.xPortSysTickHandler  port.o
    0x080019d0   0x080019d0   0x0000004e   Code   RO         2717    i.xTaskCreate       tasks.o
    0x08001a1e   0x08001a1e   0x00000002   PAD
    0x08001a20   0x08001a20   0x000000b0   Code   RO         2722    i.xTaskIncrementTick  tasks.o
    0x08001ad0   0x08001ad0   0x000000a0   Code   RO         2727    i.xTaskResumeAll    tasks.o
    0x08001b70   0x08001b70   0x00000040   Data   RO         2382    .constdata          system_stm32g0xx.o
    0x08001bb0   0x08001bb0   0x00000020   Data   RO         3337    Region$$Table       anon$$obj.o


    Execution Region RW_IRAM1 (Exec base: 0x20000000, Load base: 0x08001bd0, Size: 0x00004980, Max: 0x00009000, ABSOLUTE)

    Exec Addr    Load Addr    Size         Type   Attr      Idx    E Section Name        Object

    0x20000000   0x08001bd0   0x0000001c   Data   RW           21    .data               main.o
    0x2000001c   0x08001bec   0x0000000c   Data   RW          306    .data               stm32g0xx_hal.o
    0x20000028   0x08001bf8   0x00000004   Data   RW         2384    .data               system_stm32g0xx.o
    0x2000002c   0x08001bfc   0x0000003c   Data   RW         2730    .data               tasks.o
    0x20000068   0x08001c38   0x00000018   Data   RW         2973    .data               heap_4.o
    0x20000080   0x08001c50   0x00000004   Data   RW         3032    .data               port.o
    0x20000084   0x08001c54   0x0000001e   Data   RW         3217    .data               apt8l16.o
    0x200000a2   0x08001c72   0x00000002   PAD
    0x200000a4        -       0x000000c8   Zero   RW         2729    .bss                tasks.o
    0x2000016c        -       0x00004400   Zero   RW         2972    .bss                heap_4.o
    0x2000456c        -       0x00000014   Zero   RW         3096    .bss                bsp_led.o
    0x20004580        -       0x00000400   Zero   RW            1    STACK               startup_stm32g070xx.o


==============================================================================

Image component sizes


      Code (inc. data)   RO Data    RW Data    ZI Data      Debug   Object Name

       790         52          0         30          0       5662   apt8l16.o
        48          8          0          0         20        830   bsp_led.o
         0          0          0          0          0       1472   event_groups.o
       356         22          0         24      17408       3675   heap_4.o
       136          0          0          0          0       2970   list.o
       526        132          0         28          0     370539   main.o
       326         52          0          4          0       5756   port.o
       548         36          0          0          0       4004   sm1616_drv.o
        28          8        184          0       1024        624   startup_stm32g070xx.o
       160         26          0         12          0      16240   stm32g0xx_hal.o
       124         18          0          0          0      11476   stm32g0xx_hal_cortex.o
       370         18          0          0          0       2871   stm32g0xx_hal_gpio.o
        52          6          0          0          0        822   stm32g0xx_hal_msp.o
        76         14          0          0          0        734   stm32g0xx_hal_pwr_ex.o
      1476         74          0          0          0       4374   stm32g0xx_hal_rcc.o
       352         14          0          0          0       1628   stm32g0xx_hal_rcc_ex.o
        16          0          0          0          0       1288   stm32g0xx_it.o
        16          6         64          4          0       1167   system_stm32g0xx.o
      1260         96          0         60        200      13692   tasks.o

    ----------------------------------------------------------------------
      6674        582        280        164      18652     449824   Object Totals
         0          0         32          0          0          0   (incl. Generated)
        14          0          0          2          0          0   (incl. Padding)

    ----------------------------------------------------------------------

      Code (inc. data)   RO Data    RW Data    ZI Data      Debug   Library Member Name

         0          0          0          0          0          0   entry.o
         0          0          0          0          0          0   entry10a.o
         0          0          0          0          0          0   entry11a.o
         8          4          0          0          0          0   entry2.o
         4          0          0          0          0          0   entry5.o
         0          0          0          0          0          0   entry7b.o
         0          0          0          0          0          0   entry8b.o
         8          4          0          0          0          0   entry9a.o
        30          0          0          0          0          0   handlers.o
        36          8          0          0          0         68   init.o
        36          0          0          0          0        100   memseta.o
        44          0          0          0          0         72   uidiv.o

    ----------------------------------------------------------------------
       166         16          0          0          0        240   Library Totals
         0          0          0          0          0          0   (incl. Padding)

    ----------------------------------------------------------------------

      Code (inc. data)   RO Data    RW Data    ZI Data      Debug   Library Name

       166         16          0          0          0        240   mc_p.l

    ----------------------------------------------------------------------
       166         16          0          0          0        240   Library Totals

    ----------------------------------------------------------------------

==============================================================================


      Code (inc. data)   RO Data    RW Data    ZI Data      Debug   

      6840        598        280        164      18652     446864   Grand Totals
      6840        598        280        164      18652     446864   ELF Image Totals
      6840        598        280        164          0          0   ROM Totals

==============================================================================

    Total RO  Size (Code + RO Data)                 7120 (   6.95kB)
    Total RW  Size (RW Data + ZI Data)             18816 (  18.38kB)
    Total ROM Size (Code + RO Data + RW Data)       7284 (   7.11kB)

==============================================================================

